Component: ARM Compiler 5.06 update 6 (build 750) Tool: armlink [4d35ed]

==============================================================================

Section Cross References

    fonts.o(.data) refers to fonts.o(.constdata) for ASCII8x16_Table
    bsp_nt35510_lcd.o(i.LCD_GetColors) refers to bsp_nt35510_lcd.o(.data) for CurrentTextColor
    bsp_nt35510_lcd.o(i.LCD_GetFont) refers to bsp_nt35510_lcd.o(.data) for LCD_Currentfonts
    bsp_nt35510_lcd.o(i.LCD_SetBackColor) refers to bsp_nt35510_lcd.o(.data) for CurrentBackColor
    bsp_nt35510_lcd.o(i.LCD_SetColors) refers to bsp_nt35510_lcd.o(.data) for CurrentTextColor
    bsp_nt35510_lcd.o(i.LCD_SetFont) refers to bsp_nt35510_lcd.o(.data) for LCD_Currentfonts
    bsp_nt35510_lcd.o(i.LCD_SetTextColor) refers to bsp_nt35510_lcd.o(.data) for CurrentTextColor
    bsp_nt35510_lcd.o(i.NT35510_BackLed_Control) refers to stm32f4xx_hal_gpio.o(i.HAL_GPIO_WritePin) for HAL_GPIO_WritePin
    bsp_nt35510_lcd.o(i.NT35510_Clear) refers to bsp_nt35510_lcd.o(i.NT35510_OpenWindow) for NT35510_OpenWindow
    bsp_nt35510_lcd.o(i.NT35510_Clear) refers to bsp_nt35510_lcd.o(i.NT35510_FillColor) for NT35510_FillColor
    bsp_nt35510_lcd.o(i.NT35510_Clear) refers to bsp_nt35510_lcd.o(.data) for CurrentBackColor
    bsp_nt35510_lcd.o(i.NT35510_ClearLine) refers to bsp_nt35510_lcd.o(i.LCD_GetFont) for LCD_GetFont
    bsp_nt35510_lcd.o(i.NT35510_ClearLine) refers to bsp_nt35510_lcd.o(i.NT35510_Clear) for NT35510_Clear
    bsp_nt35510_lcd.o(i.NT35510_ClearLine) refers to bsp_nt35510_lcd.o(.data) for LCD_X_LENGTH
    bsp_nt35510_lcd.o(i.NT35510_DispChar_CH) refers to bsp_nt35510_lcd.o(i.NT35510_OpenWindow) for NT35510_OpenWindow
    bsp_nt35510_lcd.o(i.NT35510_DispChar_CH) refers to bsp_nt35510_lcd.o(i.NT35510_Write_Cmd) for NT35510_Write_Cmd
    bsp_nt35510_lcd.o(i.NT35510_DispChar_CH) refers to bsp_nt35510_lcd.o(i.NT35510_Write_Data) for NT35510_Write_Data
    bsp_nt35510_lcd.o(i.NT35510_DispChar_CH) refers to bsp_nt35510_lcd.o(.bss) for ucBuffer
    bsp_nt35510_lcd.o(i.NT35510_DispChar_CH) refers to bsp_nt35510_lcd.o(.data) for CurrentTextColor
    bsp_nt35510_lcd.o(i.NT35510_DispChar_EN) refers to bsp_nt35510_lcd.o(i.NT35510_OpenWindow) for NT35510_OpenWindow
    bsp_nt35510_lcd.o(i.NT35510_DispChar_EN) refers to bsp_nt35510_lcd.o(i.NT35510_Write_Cmd) for NT35510_Write_Cmd
    bsp_nt35510_lcd.o(i.NT35510_DispChar_EN) refers to bsp_nt35510_lcd.o(i.NT35510_Write_Data) for NT35510_Write_Data
    bsp_nt35510_lcd.o(i.NT35510_DispChar_EN) refers to bsp_nt35510_lcd.o(.data) for LCD_Currentfonts
    bsp_nt35510_lcd.o(i.NT35510_DispStringLine_EN) refers to bsp_nt35510_lcd.o(i.NT35510_DispChar_EN) for NT35510_DispChar_EN
    bsp_nt35510_lcd.o(i.NT35510_DispStringLine_EN) refers to bsp_nt35510_lcd.o(.data) for LCD_Currentfonts
    bsp_nt35510_lcd.o(i.NT35510_DispStringLine_EN_CH) refers to bsp_nt35510_lcd.o(i.NT35510_DispChar_EN) for NT35510_DispChar_EN
    bsp_nt35510_lcd.o(i.NT35510_DispStringLine_EN_CH) refers to bsp_nt35510_lcd.o(i.NT35510_DispChar_CH) for NT35510_DispChar_CH
    bsp_nt35510_lcd.o(i.NT35510_DispStringLine_EN_CH) refers to bsp_nt35510_lcd.o(.data) for LCD_Currentfonts
    bsp_nt35510_lcd.o(i.NT35510_DispString_CH) refers to bsp_nt35510_lcd.o(i.NT35510_DispChar_CH) for NT35510_DispChar_CH
    bsp_nt35510_lcd.o(i.NT35510_DispString_CH) refers to bsp_nt35510_lcd.o(.data) for LCD_X_LENGTH
    bsp_nt35510_lcd.o(i.NT35510_DispString_EN) refers to bsp_nt35510_lcd.o(i.NT35510_DispChar_EN) for NT35510_DispChar_EN
    bsp_nt35510_lcd.o(i.NT35510_DispString_EN) refers to bsp_nt35510_lcd.o(.data) for LCD_Currentfonts
    bsp_nt35510_lcd.o(i.NT35510_DispString_EN_CH) refers to bsp_nt35510_lcd.o(i.NT35510_DispChar_EN) for NT35510_DispChar_EN
    bsp_nt35510_lcd.o(i.NT35510_DispString_EN_CH) refers to bsp_nt35510_lcd.o(i.NT35510_DispChar_CH) for NT35510_DispChar_CH
    bsp_nt35510_lcd.o(i.NT35510_DispString_EN_CH) refers to bsp_nt35510_lcd.o(.data) for LCD_Currentfonts
    bsp_nt35510_lcd.o(i.NT35510_DispString_EN_CH_YDir) refers to bsp_nt35510_lcd.o(i.NT35510_DispChar_EN) for NT35510_DispChar_EN
    bsp_nt35510_lcd.o(i.NT35510_DispString_EN_CH_YDir) refers to bsp_nt35510_lcd.o(i.NT35510_DispChar_CH) for NT35510_DispChar_CH
    bsp_nt35510_lcd.o(i.NT35510_DispString_EN_CH_YDir) refers to bsp_nt35510_lcd.o(.data) for LCD_Y_LENGTH
    bsp_nt35510_lcd.o(i.NT35510_DispString_EN_YDir) refers to bsp_nt35510_lcd.o(i.NT35510_DispChar_EN) for NT35510_DispChar_EN
    bsp_nt35510_lcd.o(i.NT35510_DispString_EN_YDir) refers to bsp_nt35510_lcd.o(.data) for LCD_Currentfonts
    bsp_nt35510_lcd.o(i.NT35510_DisplayStringEx) refers to bsp_nt35510_lcd.o(i.NT35510_zoomChar) for NT35510_zoomChar
    bsp_nt35510_lcd.o(i.NT35510_DisplayStringEx) refers to bsp_nt35510_lcd.o(i.NT35510_DrawChar_Ex) for NT35510_DrawChar_Ex
    bsp_nt35510_lcd.o(i.NT35510_DisplayStringEx) refers to bsp_nt35510_lcd.o(.data) for LCD_X_LENGTH
[...]
    Removing lv_theme_mono.o(i.lv_color_make), (48 bytes).
    Removing lv_theme_mono.o(i.lv_color_white), (22 bytes).
    Removing lv_theme_mono.o(i.lv_style_set_pad_all), (40 bytes).
    Removing lv_theme_mono.o(i.lv_style_set_pad_gap), (24 bytes).
    Removing lv_theme_mono.o(i.lv_theme_mono_init), (120 bytes).
    Removing lv_theme_mono.o(i.lv_theme_mono_is_inited), (20 bytes).
    Removing lv_theme_mono.o(i.style_init), (996 bytes).
    Removing lv_theme_mono.o(i.style_init_reset), (32 bytes).
    Removing lv_theme_mono.o(i.theme_apply), (2684 bytes).
    Removing lv_theme_mono.o(.bss), (36 bytes).
    Removing lv_theme_mono.o(.data), (5 bytes).
    Removing lv_animimg.o(i.index_change), (40 bytes).
    Removing lv_animimg.o(i.lv_anim_set_repeat_count), (4 bytes).
    Removing lv_animimg.o(i.lv_anim_set_time), (4 bytes).
    Removing lv_animimg.o(i.lv_anim_set_values), (8 bytes).
    Removing lv_animimg.o(i.lv_animimg_constructor), (80 bytes).
    Removing lv_animimg.o(i.lv_animimg_create), (32 bytes).
    Removing lv_animimg.o(i.lv_animimg_set_duration), (30 bytes).
    Removing lv_animimg.o(i.lv_animimg_set_repeat_count), (24 bytes).
    Removing lv_animimg.o(i.lv_animimg_set_src), (40 bytes).
    Removing lv_animimg.o(i.lv_animimg_start), (20 bytes).
    Removing lv_animimg.o(.constdata), (28 bytes).
    Removing lv_calendar.o(i.draw_part_begin_event_cb), (194 bytes).
    Removing lv_calendar.o(i.get_day_of_week), (76 bytes).
    Removing lv_calendar.o(i.get_month_length), (66 bytes).
    Removing lv_calendar.o(i.highlight_update), (154 bytes).
    Removing lv_calendar.o(i.is_leap_year), (42 bytes).
    Removing lv_calendar.o(i.lv_calendar_constructor), (296 bytes).
    Removing lv_calendar.o(i.lv_calendar_create), (32 bytes).
    Removing lv_calendar.o(i.lv_calendar_get_btnmatrix), (12 bytes).
    Removing lv_calendar.o(i.lv_calendar_get_highlighted_dates), (12 bytes).
    Removing lv_calendar.o(i.lv_calendar_get_highlighted_dates_num), (12 bytes).
    Removing lv_calendar.o(i.lv_calendar_get_pressed_date), (108 bytes).
    Removing lv_calendar.o(i.lv_calendar_get_showed_date), (14 bytes).
    Removing lv_calendar.o(i.lv_calendar_get_today_date), (14 bytes).
    Removing lv_calendar.o(i.lv_calendar_set_day_names), (46 bytes).
    Removing lv_calendar.o(i.lv_calendar_set_highlighted_dates), (44 bytes).
    Removing lv_calendar.o(i.lv_calendar_set_showed_date), (388 bytes).
    Removing lv_calendar.o(i.lv_calendar_set_today_date), (46 bytes).
    Removing lv_calendar.o(.constdata), (28 bytes).
    Removing lv_calendar.o(.conststring), (27 bytes).
    Removing lv_calendar.o(.data), (28 bytes).
    Removing lv_calendar_header_arrow.o(i.lv_calendar_header_arrow_create), (28 bytes).
    Removing lv_calendar_header_arrow.o(i.month_event_cb), (200 bytes).
    Removing lv_calendar_header_arrow.o(i.my_constructor), (252 bytes).
    Removing lv_calendar_header_arrow.o(i.value_changed_event_cb), (80 bytes).
    Removing lv_calendar_header_arrow.o(.constdata), (28 bytes).
    Removing lv_calendar_header_arrow.o(.conststring), (105 bytes).
    Removing lv_calendar_header_arrow.o(.data), (48 bytes).
    Removing lv_calendar_header_dropdown.o(i.lv_calendar_header_dropdown_create), (28 bytes).
    Removing lv_calendar_header_dropdown.o(i.month_event_cb), (68 bytes).
    Removing lv_calendar_header_dropdown.o(i.my_constructor), (156 bytes).
    Removing lv_calendar_header_dropdown.o(i.value_changed_event_cb), (84 bytes).
    Removing lv_calendar_header_dropdown.o(i.year_event_cb), (72 bytes).
    Removing lv_calendar_header_dropdown.o(.constdata), (28 bytes).
    Removing lv_calendar_header_dropdown.o(.conststring), (651 bytes).
    Removing lv_calendar_header_dropdown.o(.data), (8 bytes).
    Removing lv_chart.o(i.draw_axes), (48 bytes).
    Removing lv_chart.o(i.draw_cursors), (584 bytes).
    Removing lv_chart.o(i.draw_div_lines), (720 bytes).
    Removing lv_chart.o(i.draw_series_bar), (644 bytes).
    Removing lv_chart.o(i.draw_series_line), (1324 bytes).
    Removing lv_chart.o(i.draw_series_scatter), (1148 bytes).
    Removing lv_chart.o(i.draw_x_ticks), (964 bytes).
    Removing lv_chart.o(i.draw_y_ticks), (804 bytes).
    Removing lv_chart.o(i.get_index_from_x), (128 bytes).
    Removing lv_chart.o(i.get_tick_gsc), (50 bytes).
    Removing lv_chart.o(i.invalidate_point), (520 bytes).
    Removing lv_chart.o(i.lv_chart_add_cursor), (68 bytes).
    Removing lv_chart.o(i.lv_chart_add_series), (228 bytes).
    Removing lv_chart.o(i.lv_chart_constructor), (118 bytes).
    Removing lv_chart.o(i.lv_chart_create), (32 bytes).
    Removing lv_chart.o(i.lv_chart_destructor), (70 bytes).
    Removing lv_chart.o(i.lv_chart_event), (460 bytes).
    Removing lv_chart.o(i.lv_chart_get_cursor_point), (20 bytes).
    Removing lv_chart.o(i.lv_chart_get_point_count), (14 bytes).
    Removing lv_chart.o(i.lv_chart_get_point_pos_by_id), (544 bytes).
    Removing lv_chart.o(i.lv_chart_get_pressed_point), (10 bytes).
    Removing lv_chart.o(i.lv_chart_get_series_next), (36 bytes).
    Removing lv_chart.o(i.lv_chart_get_type), (18 bytes).
    Removing lv_chart.o(i.lv_chart_get_x_array), (24 bytes).
    Removing lv_chart.o(i.lv_chart_get_x_start_point), (20 bytes).
    Removing lv_chart.o(i.lv_chart_get_y_array), (24 bytes).
    Removing lv_chart.o(i.lv_chart_get_zoom_x), (14 bytes).
    Removing lv_chart.o(i.lv_chart_get_zoom_y), (14 bytes).
    Removing lv_chart.o(i.lv_chart_hide_series), (42 bytes).
    Removing lv_chart.o(i.lv_chart_refresh), (16 bytes).
    Removing lv_chart.o(i.lv_chart_remove_series), (62 bytes).
    Removing lv_chart.o(i.lv_chart_set_all_value), (66 bytes).
    Removing lv_chart.o(i.lv_chart_set_axis_tick), (80 bytes).
    Removing lv_chart.o(i.lv_chart_set_cursor_point), (56 bytes).
    Removing lv_chart.o(i.lv_chart_set_cursor_pos), (42 bytes).
    Removing lv_chart.o(i.lv_chart_set_div_line_count), (54 bytes).
    Removing lv_chart.o(i.lv_chart_set_ext_x_array), (64 bytes).
    Removing lv_chart.o(i.lv_chart_set_ext_y_array), (64 bytes).
    Removing lv_chart.o(i.lv_chart_set_next_value), (82 bytes).
    Removing lv_chart.o(i.lv_chart_set_next_value2), (112 bytes).
    Removing lv_chart.o(i.lv_chart_set_point_count), (130 bytes).
    Removing lv_chart.o(i.lv_chart_set_range), (116 bytes).
    Removing lv_chart.o(i.lv_chart_set_series_color), (38 bytes).
    Removing lv_chart.o(i.lv_chart_set_type), (172 bytes).
    Removing lv_chart.o(i.lv_chart_set_update_mode), (48 bytes).
    Removing lv_chart.o(i.lv_chart_set_value_by_id), (60 bytes).
    Removing lv_chart.o(i.lv_chart_set_value_by_id2), (88 bytes).
    Removing lv_chart.o(i.lv_chart_set_x_start_point), (38 bytes).
    Removing lv_chart.o(i.lv_chart_set_zoom_x), (50 bytes).
    Removing lv_chart.o(i.lv_chart_set_zoom_y), (50 bytes).
    Removing lv_chart.o(i.lv_obj_get_style_border_width), (26 bytes).
    Removing lv_chart.o(i.lv_obj_get_style_height), (26 bytes).
    Removing lv_chart.o(i.lv_obj_get_style_pad_bottom), (26 bytes).
    Removing lv_chart.o(i.lv_obj_get_style_pad_column), (26 bytes).
    Removing lv_chart.o(i.lv_obj_get_style_pad_left), (26 bytes).
    Removing lv_chart.o(i.lv_obj_get_style_pad_right), (26 bytes).
    Removing lv_chart.o(i.lv_obj_get_style_pad_top), (26 bytes).
    Removing lv_chart.o(i.lv_obj_get_style_width), (26 bytes).
    Removing lv_chart.o(i.new_points_alloc), (234 bytes).
    Removing lv_chart.o(.constdata), (28 bytes).
    Removing lv_colorwheel.o(i.angle_to_mode_color_fast), (424 bytes).
    Removing lv_colorwheel.o(i.double_click_reset), (126 bytes).
    Removing lv_colorwheel.o(i.draw_disc_grad), (472 bytes).
    Removing lv_colorwheel.o(i.draw_knob), (98 bytes).
    Removing lv_colorwheel.o(i.fast_hsv2rgb), (210 bytes).
    Removing lv_colorwheel.o(i.get_angle), (78 bytes).
    Removing lv_colorwheel.o(i.get_knob_area), (160 bytes).
    Removing lv_colorwheel.o(i.invalidate_knob), (22 bytes).
    Removing lv_colorwheel.o(i.lv_colorwheel_constructor), (88 bytes).
    Removing lv_colorwheel.o(i.lv_colorwheel_create), (44 bytes).
    Removing lv_colorwheel.o(i.lv_colorwheel_event), (1230 bytes).
    Removing lv_colorwheel.o(i.lv_colorwheel_get_color_mode), (18 bytes).
    Removing lv_colorwheel.o(i.lv_colorwheel_get_color_mode_fixed), (18 bytes).
    Removing lv_colorwheel.o(i.lv_colorwheel_get_hsv), (16 bytes).
    Removing lv_colorwheel.o(i.lv_colorwheel_get_rgb), (36 bytes).
    Removing lv_colorwheel.o(i.lv_colorwheel_set_hsv), (128 bytes).
    Removing lv_colorwheel.o(i.lv_colorwheel_set_mode), (38 bytes).
    Removing lv_colorwheel.o(i.lv_colorwheel_set_mode_fixed), (22 bytes).
    Removing lv_colorwheel.o(i.lv_colorwheel_set_rgb), (126 bytes).
    Removing lv_colorwheel.o(i.lv_obj_get_style_arc_width), (26 bytes).
    Removing lv_colorwheel.o(i.lv_obj_get_style_pad_bottom), (26 bytes).
    Removing lv_colorwheel.o(i.lv_obj_get_style_pad_left), (26 bytes).
    Removing lv_colorwheel.o(i.lv_obj_get_style_pad_right), (26 bytes).
    Removing lv_colorwheel.o(i.lv_obj_get_style_pad_top), (26 bytes).
    Removing lv_colorwheel.o(i.lv_trigo_cos), (16 bytes).
    Removing lv_colorwheel.o(i.next_color_mode), (50 bytes).
    Removing lv_colorwheel.o(i.refr_knob_pos), (128 bytes).
    Removing lv_colorwheel.o(.constdata), (28 bytes).
    Removing lv_colorwheel.o(.data), (7 bytes).
    Removing lv_imgbtn.o(i.draw_main), (622 bytes).
    Removing lv_imgbtn.o(i.get_state), (70 bytes).
    Removing lv_imgbtn.o(i.lv_imgbtn_constructor), (46 bytes).
    Removing lv_imgbtn.o(i.lv_imgbtn_create), (32 bytes).
    Removing lv_imgbtn.o(i.lv_imgbtn_event), (216 bytes).
    Removing lv_imgbtn.o(i.lv_imgbtn_get_src_left), (18 bytes).
    Removing lv_imgbtn.o(i.lv_imgbtn_get_src_middle), (18 bytes).
    Removing lv_imgbtn.o(i.lv_imgbtn_get_src_right), (18 bytes).
    Removing lv_imgbtn.o(i.lv_imgbtn_set_src), (54 bytes).
    Removing lv_imgbtn.o(i.lv_imgbtn_set_state), (76 bytes).
    Removing lv_imgbtn.o(i.refr_img), (104 bytes).
    Removing lv_imgbtn.o(i.suggest_state), (114 bytes).
    Removing lv_imgbtn.o(.constdata), (28 bytes).
    Removing lv_keyboard.o(i.lv_btnmatrix_get_popovers), (14 bytes).
    Removing lv_keyboard.o(i.lv_keyboard_constructor), (76 bytes).
    Removing lv_keyboard.o(i.lv_keyboard_create), (32 bytes).
    Removing lv_keyboard.o(i.lv_keyboard_def_event_cb), (632 bytes).
    Removing lv_keyboard.o(i.lv_keyboard_get_mode), (14 bytes).
    Removing lv_keyboard.o(i.lv_keyboard_get_textarea), (12 bytes).
    Removing lv_keyboard.o(i.lv_keyboard_set_map), (44 bytes).
    Removing lv_keyboard.o(i.lv_keyboard_set_mode), (36 bytes).
    Removing lv_keyboard.o(i.lv_keyboard_set_popovers), (36 bytes).
    Removing lv_keyboard.o(i.lv_keyboard_set_textarea), (46 bytes).
    Removing lv_keyboard.o(i.lv_keyboard_update_ctrl_map), (120 bytes).
    Removing lv_keyboard.o(i.lv_keyboard_update_map), (36 bytes).
    Removing lv_keyboard.o(.constdata), (914 bytes).
    Removing lv_keyboard.o(.conststring), (408 bytes).
    Removing lv_keyboard.o(.data), (72 bytes).
    Removing lv_led.o(i.lv_color_black), (60 bytes).
    Removing lv_led.o(i.lv_color_brightness), (126 bytes).
    Removing lv_led.o(i.lv_color_mix), (68 bytes).
    Removing lv_led.o(i.lv_led_constructor), (30 bytes).
    Removing lv_led.o(i.lv_led_create), (32 bytes).
    Removing lv_led.o(i.lv_led_event), (540 bytes).
    Removing lv_led.o(i.lv_led_get_brightness), (14 bytes).
    Removing lv_led.o(i.lv_led_off), (14 bytes).
    Removing lv_led.o(i.lv_led_on), (14 bytes).
    Removing lv_led.o(i.lv_led_set_brightness), (64 bytes).
    Removing lv_led.o(i.lv_led_set_color), (24 bytes).
    Removing lv_led.o(i.lv_led_toggle), (32 bytes).
    Removing lv_led.o(.constdata), (28 bytes).
    Removing lv_list.o(i.lv_list_add_btn), (120 bytes).
    Removing lv_list.o(i.lv_list_add_text), (60 bytes).
    Removing lv_list.o(i.lv_list_create), (40 bytes).
    Removing lv_list.o(i.lv_list_get_btn_text), (68 bytes).
    Removing lv_list.o(.constdata), (84 bytes).
    Removing lv_menu.o(i.lv_menu_back_btn_is_root), (38 bytes).
    Removing lv_menu.o(i.lv_menu_back_event_cb), (154 bytes).
    Removing lv_menu.o(i.lv_menu_clear_history), (30 bytes).
    Removing lv_menu.o(i.lv_menu_constructor), (356 bytes).
    Removing lv_menu.o(i.lv_menu_cont_constructor), (36 bytes).
    Removing lv_menu.o(i.lv_menu_cont_create), (32 bytes).
    Removing lv_menu.o(i.lv_menu_create), (32 bytes).
    Removing lv_menu.o(i.lv_menu_destructor), (24 bytes).
    Removing lv_menu.o(i.lv_menu_get_cur_main_page), (12 bytes).
    Removing lv_menu.o(i.lv_menu_get_cur_sidebar_page), (12 bytes).
    Removing lv_menu.o(i.lv_menu_get_main_header), (12 bytes).
    Removing lv_menu.o(i.lv_menu_get_main_header_back_btn), (12 bytes).
    Removing lv_menu.o(i.lv_menu_get_sidebar_header), (12 bytes).
    Removing lv_menu.o(i.lv_menu_get_sidebar_header_back_btn), (12 bytes).
    Removing lv_menu.o(i.lv_menu_load_page_event_cb), (118 bytes).
    Removing lv_menu.o(i.lv_menu_obj_del_event_cb), (20 bytes).
    Removing lv_menu.o(i.lv_menu_page_constructor), (54 bytes).
    Removing lv_menu.o(i.lv_menu_page_create), (44 bytes).
    Removing lv_menu.o(i.lv_menu_page_destructor), (24 bytes).
    Removing lv_menu.o(i.lv_menu_refr), (70 bytes).
    Removing lv_menu.o(i.lv_menu_refr_main_header_mode), (144 bytes).
    Removing lv_menu.o(i.lv_menu_refr_sidebar_header_mode), (138 bytes).
    Removing lv_menu.o(i.lv_menu_section_constructor), (24 bytes).
    Removing lv_menu.o(i.lv_menu_section_create), (32 bytes).
    Removing lv_menu.o(i.lv_menu_separator_create), (32 bytes).
    Removing lv_menu.o(i.lv_menu_set_load_page_event), (100 bytes).
    Removing lv_menu.o(i.lv_menu_set_mode_header), (58 bytes).
    Removing lv_menu.o(i.lv_menu_set_mode_root_back_btn), (44 bytes).
    Removing lv_menu.o(i.lv_menu_set_page), (274 bytes).
    Removing lv_menu.o(i.lv_menu_set_sidebar_page), (348 bytes).
    Removing lv_menu.o(i.lv_menu_value_changed_event_cb), (108 bytes).
    Removing lv_menu.o(.constdata), (252 bytes).
    Removing lv_meter.o(i.draw_arcs), (316 bytes).
    Removing lv_meter.o(i.draw_needles), (560 bytes).
    Removing lv_meter.o(i.draw_ticks_and_labels), (1366 bytes).
    Removing lv_meter.o(i.inv_arc), (200 bytes).
    Removing lv_meter.o(i.inv_line), (510 bytes).
    Removing lv_meter.o(i.lv_area_get_height), (14 bytes).
    Removing lv_meter.o(i.lv_area_get_width), (14 bytes).
    Removing lv_meter.o(i.lv_meter_add_arc), (92 bytes).
    Removing lv_meter.o(i.lv_meter_add_needle_img), (86 bytes).
    Removing lv_meter.o(i.lv_meter_add_needle_line), (92 bytes).
    Removing lv_meter.o(i.lv_meter_add_scale), (92 bytes).
    Removing lv_meter.o(i.lv_meter_add_scale_lines), (98 bytes).
    Removing lv_meter.o(i.lv_meter_constructor), (30 bytes).
    Removing lv_meter.o(i.lv_meter_create), (32 bytes).
    Removing lv_meter.o(i.lv_meter_destructor), (30 bytes).
    Removing lv_meter.o(i.lv_meter_event), (288 bytes).
    Removing lv_meter.o(i.lv_meter_set_indicator_end_value), (76 bytes).
    Removing lv_meter.o(i.lv_meter_set_indicator_start_value), (76 bytes).
    Removing lv_meter.o(i.lv_meter_set_indicator_value), (104 bytes).
    Removing lv_meter.o(i.lv_meter_set_scale_major_ticks), (48 bytes).
    Removing lv_meter.o(i.lv_meter_set_scale_range), (40 bytes).
    Removing lv_meter.o(i.lv_meter_set_scale_ticks), (40 bytes).
    Removing lv_meter.o(i.lv_obj_get_style_arc_rounded), (30 bytes).
    Removing lv_meter.o(i.lv_obj_get_style_opa), (26 bytes).
    Removing lv_meter.o(i.lv_trigo_cos), (16 bytes).
    Removing lv_meter.o(.constdata), (28 bytes).
    Removing lv_msgbox.o(i.lv_msgbox_close), (38 bytes).
    Removing lv_msgbox.o(i.lv_msgbox_close_async), (38 bytes).
    Removing lv_msgbox.o(i.lv_msgbox_create), (680 bytes).
    Removing lv_msgbox.o(i.lv_msgbox_get_active_btn), (20 bytes).
    Removing lv_msgbox.o(i.lv_msgbox_get_active_btn_text), (30 bytes).
    Removing lv_msgbox.o(i.lv_msgbox_get_btns), (12 bytes).
    Removing lv_msgbox.o(i.lv_msgbox_get_close_btn), (12 bytes).
    Removing lv_msgbox.o(i.lv_msgbox_get_content), (12 bytes).
    Removing lv_msgbox.o(i.lv_msgbox_get_text), (12 bytes).
    Removing lv_msgbox.o(i.lv_msgbox_get_title), (12 bytes).
    Removing lv_msgbox.o(i.lv_obj_get_style_text_font), (24 bytes).
    Removing lv_msgbox.o(i.lv_pct), (24 bytes).
    Removing lv_msgbox.o(i.msgbox_close_click_event_cb), (28 bytes).
    Removing lv_msgbox.o(.constdata), (84 bytes).
    Removing lv_span.o(i._lv_txt_is_break_char), (64 bytes).
    Removing lv_span.o(i.convert_indent_pct), (118 bytes).
    Removing lv_span.o(i.draw_main), (30 bytes).
    Removing lv_span.o(i.lv_draw_span), (1744 bytes).
    Removing lv_span.o(i.lv_font_get_line_height), (8 bytes).
    Removing lv_span.o(i.lv_get_snippet), (20 bytes).
    Removing lv_span.o(i.lv_get_snippet_cnt), (12 bytes).
    Removing lv_span.o(i.lv_obj_get_style_text_align), (26 bytes).
    Removing lv_span.o(i.lv_obj_get_style_text_line_space), (26 bytes).
    Removing lv_span.o(i.lv_obj_get_style_width), (26 bytes).
    Removing lv_span.o(i.lv_snippet_clear), (16 bytes).
    Removing lv_span.o(i.lv_snippet_push), (64 bytes).
    Removing lv_span.o(i.lv_span_get_style_text_blend_mode), (58 bytes).
    Removing lv_span.o(i.lv_span_get_style_text_color), (58 bytes).
    Removing lv_span.o(i.lv_span_get_style_text_decor), (60 bytes).
    Removing lv_span.o(i.lv_span_get_style_text_font), (58 bytes).
    Removing lv_span.o(i.lv_span_get_style_text_letter_space), (62 bytes).
    Removing lv_span.o(i.lv_span_get_style_text_opa), (62 bytes).
    Removing lv_span.o(i.lv_span_set_text), (80 bytes).
    Removing lv_span.o(i.lv_span_set_text_static), (46 bytes).
    Removing lv_span.o(i.lv_spangroup_constructor), (62 bytes).
    Removing lv_span.o(i.lv_spangroup_create), (28 bytes).
    Removing lv_span.o(i.lv_spangroup_del_span), (110 bytes).
    Removing lv_span.o(i.lv_spangroup_destructor), (82 bytes).
    Removing lv_span.o(i.lv_spangroup_event), (336 bytes).
    Removing lv_span.o(i.lv_spangroup_get_align), (14 bytes).
    Removing lv_span.o(i.lv_spangroup_get_child), (106 bytes).
    Removing lv_span.o(i.lv_spangroup_get_child_cnt), (30 bytes).
    Removing lv_span.o(i.lv_spangroup_get_expand_height), (488 bytes).
    Removing lv_span.o(i.lv_spangroup_get_expand_width), (220 bytes).
    Removing lv_span.o(i.lv_spangroup_get_indent), (14 bytes).
    Removing lv_span.o(i.lv_spangroup_get_max_line_h), (72 bytes).
    Removing lv_span.o(i.lv_spangroup_get_mode), (18 bytes).
    Removing lv_span.o(i.lv_spangroup_get_overflow), (18 bytes).
    Removing lv_span.o(i.lv_spangroup_new_span), (72 bytes).
    Removing lv_span.o(i.lv_spangroup_refr_mode), (232 bytes).
    Removing lv_span.o(i.lv_spangroup_set_align), (18 bytes).
    Removing lv_span.o(i.lv_spangroup_set_indent), (34 bytes).
    Removing lv_span.o(i.lv_spangroup_set_mode), (32 bytes).
    Removing lv_span.o(i.lv_spangroup_set_overflow), (48 bytes).
    Removing lv_span.o(i.lv_txt_get_snippet), (80 bytes).
    Removing lv_span.o(i.refresh_self_size), (34 bytes).
    Removing lv_span.o(i.span_text_check), (20 bytes).
    Removing lv_span.o(.bss), (1284 bytes).
    Removing lv_span.o(.constdata), (28 bytes).
    Removing lv_spinbox.o(i.lv_spinbox_constructor), (112 bytes).
    Removing lv_spinbox.o(i.lv_spinbox_create), (32 bytes).
    Removing lv_spinbox.o(i.lv_spinbox_decrement), (88 bytes).
    Removing lv_spinbox.o(i.lv_spinbox_event), (492 bytes).
    Removing lv_spinbox.o(i.lv_spinbox_get_rollover), (18 bytes).
    Removing lv_spinbox.o(i.lv_spinbox_get_step), (12 bytes).
    Removing lv_spinbox.o(i.lv_spinbox_get_value), (12 bytes).
    Removing lv_spinbox.o(i.lv_spinbox_increment), (90 bytes).
    Removing lv_spinbox.o(i.lv_spinbox_set_digit_format), (152 bytes).
    Removing lv_spinbox.o(i.lv_spinbox_set_digit_step_direction), (32 bytes).
    Removing lv_spinbox.o(i.lv_spinbox_set_pos), (96 bytes).
    Removing lv_spinbox.o(i.lv_spinbox_set_range), (54 bytes).
    Removing lv_spinbox.o(i.lv_spinbox_set_rollover), (22 bytes).
    Removing lv_spinbox.o(i.lv_spinbox_set_step), (22 bytes).
    Removing lv_spinbox.o(i.lv_spinbox_set_value), (38 bytes).
    Removing lv_spinbox.o(i.lv_spinbox_step_next), (38 bytes).
    Removing lv_spinbox.o(i.lv_spinbox_step_prev), (76 bytes).
    Removing lv_spinbox.o(i.lv_spinbox_updatevalue), (328 bytes).
    Removing lv_spinbox.o(.constdata), (28 bytes).
    Removing lv_spinner.o(i.arc_anim_end_angle), (16 bytes).
    Removing lv_spinner.o(i.arc_anim_start_angle), (16 bytes).
    Removing lv_spinner.o(i.lv_anim_set_exec_cb), (4 bytes).
    Removing lv_spinner.o(i.lv_anim_set_values), (8 bytes).
    Removing lv_spinner.o(i.lv_spinner_constructor), (156 bytes).
    Removing lv_spinner.o(i.lv_spinner_create), (52 bytes).
    Removing lv_spinner.o(.constdata), (28 bytes).
    Removing lv_spinner.o(.data), (8 bytes).
    Removing lv_tabview.o(i.btns_value_changed_event_cb), (44 bytes).
    Removing lv_tabview.o(i.cont_scroll_end_event_cb), (176 bytes).
    Removing lv_tabview.o(i.lv_memcpy_small), (24 bytes).
    Removing lv_tabview.o(i.lv_obj_get_style_base_dir), (26 bytes).
    Removing lv_tabview.o(i.lv_tabview_add_tab), (336 bytes).
    Removing lv_tabview.o(i.lv_tabview_constructor), (356 bytes).
    Removing lv_tabview.o(i.lv_tabview_create), (56 bytes).
    Removing lv_tabview.o(i.lv_tabview_destructor), (108 bytes).
    Removing lv_tabview.o(i.lv_tabview_event), (72 bytes).
    Removing lv_tabview.o(i.lv_tabview_get_content), (14 bytes).
    Removing lv_tabview.o(i.lv_tabview_get_tab_act), (12 bytes).
    Removing lv_tabview.o(i.lv_tabview_get_tab_btns), (14 bytes).
    Removing lv_tabview.o(i.lv_tabview_set_act), (156 bytes).
    Removing lv_tabview.o(.constdata), (28 bytes).
    Removing lv_tabview.o(.data), (4 bytes).
    Removing lv_tileview.o(i.lv_obj_set_tile), (60 bytes).
    Removing lv_tileview.o(i.lv_obj_set_tile_id), (128 bytes).
    Removing lv_tileview.o(i.lv_tileview_add_tile), (68 bytes).
    Removing lv_tileview.o(i.lv_tileview_constructor), (60 bytes).
    Removing lv_tileview.o(i.lv_tileview_create), (32 bytes).
    Removing lv_tileview.o(i.lv_tileview_get_tile_act), (8 bytes).
    Removing lv_tileview.o(i.lv_tileview_tile_constructor), (120 bytes).
    Removing lv_tileview.o(i.tileview_event_cb), (212 bytes).
    Removing lv_tileview.o(.constdata), (56 bytes).
    Removing lv_tileview.o(.data), (12 bytes).
    Removing lv_win.o(i.lv_win_add_btn), (72 bytes).
    Removing lv_win.o(i.lv_win_add_title), (54 bytes).
    Removing lv_win.o(i.lv_win_constructor), (128 bytes).
    Removing lv_win.o(i.lv_win_create), (44 bytes).
    Removing lv_win.o(i.lv_win_get_content), (14 bytes).
    Removing lv_win.o(i.lv_win_get_header), (14 bytes).
    Removing lv_win.o(.constdata), (28 bytes).
    Removing lv_win.o(.data), (2 bytes).
    Removing lv_font.o(i.lv_font_get_glyph_bitmap), (30 bytes).
    Removing lv_font.o(i.lv_font_get_glyph_dsc), (94 bytes).
    Removing lv_font.o(i.lv_font_get_glyph_width), (54 bytes).
    Removing lv_font_fmt_txt.o(i._lv_font_clean_up_fmt_txt), (2 bytes).
    Removing lv_font_fmt_txt.o(i.get_glyph_dsc_id), (432 bytes).
    Removing lv_font_fmt_txt.o(i.get_kern_value), (212 bytes).
    Removing lv_font_fmt_txt.o(i.kern_pair_16_compare), (32 bytes).
    Removing lv_font_fmt_txt.o(i.kern_pair_8_compare), (32 bytes).
    Removing lv_font_fmt_txt.o(i.lv_font_get_bitmap_fmt_txt), (68 bytes).
    Removing lv_font_fmt_txt.o(i.lv_font_get_glyph_dsc_fmt_txt), (198 bytes).
    Removing lv_font_fmt_txt.o(i.unicode_list_compare), (10 bytes).
    Removing lv_font_loader.o(i.init_bit_iterator), (26 bytes).
    Removing lv_font_loader.o(i.load_cmaps), (148 bytes).
    Removing lv_font_loader.o(i.load_cmaps_tables), (306 bytes).
    Removing lv_font_loader.o(i.load_glyph), (768 bytes).
    Removing lv_font_loader.o(i.load_kern), (452 bytes).
    Removing lv_font_loader.o(i.lv_font_free), (216 bytes).
    Removing lv_font_loader.o(i.lv_font_load), (72 bytes).
    Removing lv_font_loader.o(i.lvgl_load_font), (484 bytes).
    Removing lv_font_loader.o(i.read_bits), (94 bytes).
    Removing lv_font_loader.o(i.read_bits_signed), (46 bytes).
    Removing lv_font_loader.o(i.read_label), (72 bytes).
    Removing lv_font_montserrat_14.o(.constdata), (13636 bytes).
    Removing lv_font_montserrat_14.o(.data), (8 bytes).
    Removing lv_hal_disp.o(i.invalidate_layout_cb), (16 bytes).
    Removing lv_hal_disp.o(i.lv_color_make), (48 bytes).
    Removing lv_hal_disp.o(i.lv_color_mix), (68 bytes).
    Removing lv_hal_disp.o(i.lv_color_mix_with_alpha), (260 bytes).
    Removing lv_hal_disp.o(i.lv_disp_draw_buf_init), (34 bytes).
    Removing lv_hal_disp.o(i.lv_disp_drv_init), (116 bytes).
    Removing lv_hal_disp.o(i.lv_disp_drv_register), (368 bytes).
    Removing lv_hal_disp.o(i.lv_disp_drv_update), (212 bytes).
    Removing lv_hal_disp.o(i.lv_disp_drv_use_generic_set_px_cb), (88 bytes).
    Removing lv_hal_disp.o(i.lv_disp_flush_is_last), (16 bytes).
    Removing lv_hal_disp.o(i.lv_disp_flush_ready), (12 bytes).
    Removing lv_hal_disp.o(i.lv_disp_get_antialiasing), (28 bytes).
    Removing lv_hal_disp.o(i.lv_disp_get_default), (12 bytes).
    Removing lv_hal_disp.o(i.lv_disp_get_dpi), (28 bytes).
    Removing lv_hal_disp.o(i.lv_disp_get_draw_buf), (8 bytes).
    Removing lv_hal_disp.o(i.lv_disp_get_hor_res), (54 bytes).
    Removing lv_hal_disp.o(i.lv_disp_get_next), (28 bytes).
    Removing lv_hal_disp.o(i.lv_disp_get_offset_x), (88 bytes).
    Removing lv_hal_disp.o(i.lv_disp_get_offset_y), (88 bytes).
    Removing lv_hal_disp.o(i.lv_disp_get_physical_hor_res), (90 bytes).
    Removing lv_hal_disp.o(i.lv_disp_get_physical_ver_res), (90 bytes).
    Removing lv_hal_disp.o(i.lv_disp_get_rotation), (28 bytes).
    Removing lv_hal_disp.o(i.lv_disp_get_ver_res), (54 bytes).
    Removing lv_hal_disp.o(i.lv_disp_remove), (144 bytes).
    Removing lv_hal_disp.o(i.lv_disp_set_default), (12 bytes).
    Removing lv_hal_disp.o(i.lv_disp_set_rotation), (42 bytes).
    Removing lv_hal_disp.o(i.lv_obj_remove_style_all), (20 bytes).
    Removing lv_hal_disp.o(i.set_px_alpha_generic), (210 bytes).
    Removing lv_hal_disp.o(i.set_px_cb_alpha1), (64 bytes).
    Removing lv_hal_disp.o(i.set_px_cb_alpha2), (64 bytes).
    Removing lv_hal_disp.o(i.set_px_cb_alpha4), (64 bytes).
    Removing lv_hal_disp.o(i.set_px_cb_alpha8), (64 bytes).
    Removing lv_hal_disp.o(i.set_px_true_color_alpha), (168 bytes).
    Removing lv_hal_disp.o(.data), (13 bytes).
    Removing lv_hal_indev.o(i._lv_indev_read), (80 bytes).
    Removing lv_hal_indev.o(i.lv_indev_delete), (80 bytes).
    Removing lv_hal_indev.o(i.lv_indev_drv_init), (42 bytes).
    Removing lv_hal_indev.o(i.lv_indev_drv_register), (100 bytes).
    Removing lv_hal_indev.o(i.lv_indev_drv_update), (140 bytes).
    Removing lv_hal_indev.o(i.lv_indev_get_next), (28 bytes).
    Removing lv_hal_tick.o(i.lv_tick_elaps), (26 bytes).
    Removing lv_hal_tick.o(i.lv_tick_get), (32 bytes).
    Removing lv_hal_tick.o(i.lv_tick_inc), (28 bytes).
    Removing lv_hal_tick.o(.data), (5 bytes).
    Removing lv_anim.o(i._lv_anim_core_init), (52 bytes).
    Removing lv_anim.o(i.anim_mark_list_change), (48 bytes).
    Removing lv_anim.o(i.anim_ready_handler), (156 bytes).
    Removing lv_anim.o(i.anim_timer), (288 bytes).
    Removing lv_anim.o(i.lv_anim_count_running), (40 bytes).
    Removing lv_anim.o(i.lv_anim_del), (88 bytes).
    Removing lv_anim.o(i.lv_anim_del_all), (20 bytes).
    Removing lv_anim.o(i.lv_anim_get), (56 bytes).
    Removing lv_anim.o(i.lv_anim_get_playtime), (74 bytes).
    Removing lv_anim.o(i.lv_anim_init), (56 bytes).
    Removing lv_anim.o(i.lv_anim_path_bounce), (234 bytes).
    Removing lv_anim.o(i.lv_anim_path_ease_in), (64 bytes).
    Removing lv_anim.o(i.lv_anim_path_ease_in_out), (66 bytes).
    Removing lv_anim.o(i.lv_anim_path_ease_out), (68 bytes).
    Removing lv_anim.o(i.lv_anim_path_linear), (44 bytes).
    Removing lv_anim.o(i.lv_anim_path_overshoot), (68 bytes).
    Removing lv_anim.o(i.lv_anim_path_step), (18 bytes).
    Removing lv_anim.o(i.lv_anim_refr_now), (10 bytes).
    Removing lv_anim.o(i.lv_anim_speed_to_time), (34 bytes).
    Removing lv_anim.o(i.lv_anim_start), (164 bytes).
    Removing lv_anim.o(.data), (12 bytes).
    Removing lv_anim_timeline.o(i.lv_anim_set_delay), (6 bytes).
    Removing lv_anim_timeline.o(i.lv_anim_timeline_add), (144 bytes).
    Removing lv_anim_timeline.o(i.lv_anim_timeline_create), (38 bytes).
    Removing lv_anim_timeline.o(i.lv_anim_timeline_del), (38 bytes).
    Removing lv_anim_timeline.o(i.lv_anim_timeline_get_playtime), (84 bytes).
    Removing lv_anim_timeline.o(i.lv_anim_timeline_get_reverse), (20 bytes).
    Removing lv_anim_timeline.o(i.lv_anim_timeline_set_progress), (140 bytes).
    Removing lv_anim_timeline.o(i.lv_anim_timeline_set_reverse), (18 bytes).
    Removing lv_anim_timeline.o(i.lv_anim_timeline_start), (126 bytes).
    Removing lv_anim_timeline.o(i.lv_anim_timeline_stop), (50 bytes).
    Removing lv_anim_timeline.o(i.lv_anim_timeline_virtual_exec_cb), (2 bytes).
    Removing lv_area.o(i._lv_area_intersect), (130 bytes).
    Removing lv_area.o(i._lv_area_is_in), (188 bytes).
    Removing lv_area.o(i._lv_area_is_on), (58 bytes).
    Removing lv_area.o(i._lv_area_is_out), (182 bytes).
    Removing lv_area.o(i._lv_area_is_point_on), (402 bytes).
    Removing lv_area.o(i._lv_area_join), (100 bytes).
    Removing lv_area.o(i._lv_area_set_pos), (50 bytes).
    Removing lv_area.o(i.lv_area_align), (852 bytes).
    Removing lv_area.o(i.lv_area_get_height), (14 bytes).
    Removing lv_area.o(i.lv_area_get_size), (34 bytes).
    Removing lv_area.o(i.lv_area_get_width), (14 bytes).
    Removing lv_area.o(i.lv_area_increase), (34 bytes).
    Removing lv_area.o(i.lv_area_move), (34 bytes).
    Removing lv_area.o(i.lv_area_set), (14 bytes).
    Removing lv_area.o(i.lv_area_set_height), (12 bytes).
    Removing lv_area.o(i.lv_area_set_width), (12 bytes).
    Removing lv_area.o(i.lv_point_within_circle), (80 bytes).
    Removing lv_async.o(i.lv_async_call), (68 bytes).
    Removing lv_async.o(i.lv_async_timer_cb), (20 bytes).
    Removing lv_color.o(i.lv_color_black), (22 bytes).
    Removing lv_color.o(i.lv_color_change_lightness), (70 bytes).
    Removing lv_color.o(i.lv_color_darken), (32 bytes).
    Removing lv_color.o(i.lv_color_fill), (92 bytes).
    Removing lv_color.o(i.lv_color_hsv_to_rgb), (248 bytes).
    Removing lv_color.o(i.lv_color_lighten), (48 bytes).
    Removing lv_color.o(i.lv_color_make), (48 bytes).
    Removing lv_color.o(i.lv_color_mix), (68 bytes).
    Removing lv_color.o(i.lv_color_rgb_to_hsv), (262 bytes).
    Removing lv_color.o(i.lv_color_to_hsv), (116 bytes).
    Removing lv_color.o(i.lv_palette_darken), (84 bytes).
    Removing lv_color.o(i.lv_palette_lighten), (88 bytes).
    Removing lv_color.o(i.lv_palette_main), (48 bytes).
    Removing lv_color.o(.constdata), (380 bytes).
    Removing lv_fs.o(i._lv_fs_init), (16 bytes).
    Removing lv_fs.o(i.lv_fs_close), (42 bytes).
    Removing lv_fs.o(i.lv_fs_dir_close), (46 bytes).
    Removing lv_fs.o(i.lv_fs_dir_open), (94 bytes).
    Removing lv_fs.o(i.lv_fs_dir_read), (44 bytes).
    Removing lv_fs.o(i.lv_fs_drv_init), (14 bytes).
    Removing lv_fs.o(i.lv_fs_drv_register), (40 bytes).
    Removing lv_fs.o(i.lv_fs_get_drv), (48 bytes).
    Removing lv_fs.o(i.lv_fs_get_ext), (60 bytes).
    Removing lv_fs.o(i.lv_fs_get_last), (78 bytes).
    Removing lv_fs.o(i.lv_fs_get_letters), (52 bytes).
    Removing lv_fs.o(i.lv_fs_get_real_path), (12 bytes).
    Removing lv_fs.o(i.lv_fs_is_ready), (34 bytes).
    Removing lv_fs.o(i.lv_fs_open), (114 bytes).
    Removing lv_fs.o(i.lv_fs_read), (72 bytes).
    Removing lv_fs.o(i.lv_fs_seek), (44 bytes).
    Removing lv_fs.o(i.lv_fs_tell), (40 bytes).
    Removing lv_fs.o(i.lv_fs_up), (88 bytes).
    Removing lv_fs.o(i.lv_fs_write), (72 bytes).
    Removing lv_gc.o(i._lv_gc_clear_roots), (184 bytes).
    Removing lv_gc.o(.bss), (508 bytes).
    Removing lv_gc.o(.data), (12 bytes).
    Removing lv_ll.o(i._lv_ll_chg_list), (112 bytes).
    Removing lv_ll.o(i._lv_ll_clear), (48 bytes).
    Removing lv_ll.o(i._lv_ll_get_head), (12 bytes).
    Removing lv_ll.o(i._lv_ll_get_len), (36 bytes).
    Removing lv_ll.o(i._lv_ll_get_next), (14 bytes).
    Removing lv_ll.o(i._lv_ll_get_prev), (12 bytes).
    Removing lv_ll.o(i._lv_ll_get_tail), (12 bytes).
    Removing lv_ll.o(i._lv_ll_init), (16 bytes).
    Removing lv_ll.o(i._lv_ll_ins_head), (64 bytes).
    Removing lv_ll.o(i._lv_ll_ins_prev), (116 bytes).
    Removing lv_ll.o(i._lv_ll_ins_tail), (64 bytes).
    Removing lv_ll.o(i._lv_ll_is_empty), (24 bytes).
    Removing lv_ll.o(i._lv_ll_move_before), (106 bytes).
    Removing lv_ll.o(i._lv_ll_remove), (144 bytes).
    Removing lv_ll.o(i.node_set_next), (28 bytes).
    Removing lv_ll.o(i.node_set_prev), (26 bytes).
    Removing lv_lru.o(i.lv_lru_cmp_keys), (30 bytes).
    Removing lv_lru.o(i.lv_lru_delete), (90 bytes).
    Removing lv_lru.o(i.lv_lru_free), (114 bytes).
    Removing lv_lru.o(i.lv_lru_get), (102 bytes).
    Removing lv_lru.o(i.lv_lru_hash), (104 bytes).
    Removing lv_lru.o(i.lv_lru_new), (116 bytes).
    Removing lv_lru.o(i.lv_lru_pop_or_create_item), (40 bytes).
    Removing lv_lru.o(i.lv_lru_remove_item), (66 bytes).
    Removing lv_lru.o(i.lv_lru_remove_lru_item), (118 bytes).
    Removing lv_lru.o(i.lv_lru_set), (224 bytes).
    Removing lv_math.o(i.lv_atan2), (190 bytes).
    Removing lv_math.o(i.lv_bezier3), (94 bytes).
    Removing lv_math.o(i.lv_map), (38 bytes).
    Removing lv_math.o(i.lv_pow), (58 bytes).
    Removing lv_math.o(i.lv_rand), (48 bytes).
    Removing lv_math.o(i.lv_sqrt), (40 bytes).
    Removing lv_math.o(i.lv_trigo_sin), (112 bytes).
    Removing lv_math.o(.constdata), (182 bytes).
    Removing lv_math.o(.data), (4 bytes).
    Removing lv_mem.o(i.lv_mem_alloc), (56 bytes).
    Removing lv_mem.o(i.lv_mem_buf_free_all), (60 bytes).
    Removing lv_mem.o(i.lv_mem_buf_get), (248 bytes).
    Removing lv_mem.o(i.lv_mem_buf_release), (48 bytes).
    Removing lv_mem.o(i.lv_mem_deinit), (20 bytes).
    Removing lv_mem.o(i.lv_mem_free), (40 bytes).
    Removing lv_mem.o(i.lv_mem_init), (28 bytes).
    Removing lv_mem.o(i.lv_mem_monitor), (100 bytes).
    Removing lv_mem.o(i.lv_mem_realloc), (68 bytes).
    Removing lv_mem.o(i.lv_mem_test), (80 bytes).
    Removing lv_mem.o(i.lv_mem_walker), (38 bytes).
    Removing lv_mem.o(i.lv_memcpy), (632 bytes).
    Removing lv_mem.o(i.lv_memset), (116 bytes).
    Removing lv_mem.o(i.lv_memset_00), (110 bytes).
    Removing lv_mem.o(i.lv_memset_ff), (114 bytes).
    Removing lv_mem.o(.bss), (32768 bytes).
    Removing lv_mem.o(.data), (8 bytes).
    Removing lv_printf.o(i._atoi), (42 bytes).
    Removing lv_printf.o(i._is_digit), (18 bytes).
    Removing lv_printf.o(i._ntoa_format), (282 bytes).
    Removing lv_printf.o(i._ntoa_long), (124 bytes).
    Removing lv_printf.o(i._ntoa_long_long), (184 bytes).
    Removing lv_printf.o(i._out_buffer), (8 bytes).
    Removing lv_printf.o(i._out_null), (2 bytes).
    Removing lv_printf.o(i._out_rev), (116 bytes).
    Removing lv_printf.o(i._vsnprintf), (1554 bytes).
    Removing lv_printf.o(i.lv_snprintf), (48 bytes).
    Removing lv_printf.o(i.lv_vsnprintf), (36 bytes).
    Removing lv_style.o(i._lv_style_get_prop_group), (16 bytes).
    Removing lv_style.o(i.lv_color_make), (48 bytes).
    Removing lv_style.o(i.lv_style_get_prop), (20 bytes).
    Removing lv_style.o(i.lv_style_get_prop_inlined), (118 bytes).
    Removing lv_style.o(i.lv_style_init), (14 bytes).
    Removing lv_style.o(i.lv_style_is_empty), (18 bytes).
    Removing lv_style.o(i.lv_style_prop_get_default), (324 bytes).
    Removing lv_style.o(i.lv_style_register_prop), (20 bytes).
    Removing lv_style.o(i.lv_style_remove_prop), (266 bytes).
    Removing lv_style.o(i.lv_style_reset), (44 bytes).
    Removing lv_style.o(i.lv_style_set_prop), (308 bytes).
    Removing lv_style.o(i.lv_style_transition_dsc_init), (56 bytes).
    Removing lv_style.o(.data), (2 bytes).
    Removing lv_style_gen.o(i.lv_style_set_align), (22 bytes).
    Removing lv_style_gen.o(i.lv_style_set_anim_speed), (20 bytes).
    Removing lv_style_gen.o(i.lv_style_set_anim_time), (20 bytes).
    Removing lv_style_gen.o(i.lv_style_set_arc_color), (26 bytes).
    Removing lv_style_gen.o(i.lv_style_set_arc_color_filtered), (28 bytes).
    Removing lv_style_gen.o(i.lv_style_set_arc_img_src), (20 bytes).
    Removing lv_style_gen.o(i.lv_style_set_arc_opa), (20 bytes).
    Removing lv_style_gen.o(i.lv_style_set_arc_rounded), (20 bytes).
    Removing lv_style_gen.o(i.lv_style_set_arc_width), (22 bytes).
    Removing lv_style_gen.o(i.lv_style_set_base_dir), (22 bytes).
    Removing lv_style_gen.o(i.lv_style_set_bg_color), (26 bytes).
    Removing lv_style_gen.o(i.lv_style_set_bg_color_filtered), (28 bytes).
    Removing lv_style_gen.o(i.lv_style_set_bg_grad_color), (26 bytes).
    Removing lv_style_gen.o(i.lv_style_set_bg_grad_color_filtered), (28 bytes).
    Removing lv_style_gen.o(i.lv_style_set_bg_grad_dir), (20 bytes).
    Removing lv_style_gen.o(i.lv_style_set_bg_grad_stop), (20 bytes).
    Removing lv_style_gen.o(i.lv_style_set_bg_img_opa), (20 bytes).
    Removing lv_style_gen.o(i.lv_style_set_bg_img_recolor), (26 bytes).
    Removing lv_style_gen.o(i.lv_style_set_bg_img_recolor_filtered), (28 bytes).
    Removing lv_style_gen.o(i.lv_style_set_bg_img_recolor_opa), (20 bytes).
    Removing lv_style_gen.o(i.lv_style_set_bg_img_src), (22 bytes).
    Removing lv_style_gen.o(i.lv_style_set_bg_img_tiled), (20 bytes).
    Removing lv_style_gen.o(i.lv_style_set_bg_main_stop), (20 bytes).
    Removing lv_style_gen.o(i.lv_style_set_bg_opa), (20 bytes).
    Removing lv_style_gen.o(i.lv_style_set_blend_mode), (20 bytes).
    Removing lv_style_gen.o(i.lv_style_set_border_color), (26 bytes).
    Removing lv_style_gen.o(i.lv_style_set_border_color_filtered), (28 bytes).
    Removing lv_style_gen.o(i.lv_style_set_border_opa), (20 bytes).
    Removing lv_style_gen.o(i.lv_style_set_border_post), (20 bytes).
    Removing lv_style_gen.o(i.lv_style_set_border_side), (20 bytes).
    Removing lv_style_gen.o(i.lv_style_set_border_width), (22 bytes).
    Removing lv_style_gen.o(i.lv_style_set_clip_corner), (20 bytes).
    Removing lv_style_gen.o(i.lv_style_set_color_filter_dsc), (20 bytes).
    Removing lv_style_gen.o(i.lv_style_set_color_filter_opa), (20 bytes).
    Removing lv_style_gen.o(i.lv_style_set_height), (22 bytes).
    Removing lv_style_gen.o(i.lv_style_set_img_opa), (20 bytes).
    Removing lv_style_gen.o(i.lv_style_set_img_recolor), (26 bytes).
    Removing lv_style_gen.o(i.lv_style_set_img_recolor_filtered), (28 bytes).
    Removing lv_style_gen.o(i.lv_style_set_img_recolor_opa), (20 bytes).
    Removing lv_style_gen.o(i.lv_style_set_layout), (22 bytes).
    Removing lv_style_gen.o(i.lv_style_set_line_color), (26 bytes).
    Removing lv_style_gen.o(i.lv_style_set_line_color_filtered), (28 bytes).
    Removing lv_style_gen.o(i.lv_style_set_line_dash_gap), (20 bytes).
    Removing lv_style_gen.o(i.lv_style_set_line_dash_width), (20 bytes).
    Removing lv_style_gen.o(i.lv_style_set_line_opa), (20 bytes).
    Removing lv_style_gen.o(i.lv_style_set_line_rounded), (20 bytes).
    Removing lv_style_gen.o(i.lv_style_set_line_width), (22 bytes).
    Removing lv_style_gen.o(i.lv_style_set_max_height), (22 bytes).
    Removing lv_style_gen.o(i.lv_style_set_max_width), (22 bytes).
    Removing lv_style_gen.o(i.lv_style_set_min_height), (22 bytes).
    Removing lv_style_gen.o(i.lv_style_set_min_width), (22 bytes).
    Removing lv_style_gen.o(i.lv_style_set_opa), (22 bytes).
    Removing lv_style_gen.o(i.lv_style_set_outline_color), (26 bytes).
    Removing lv_style_gen.o(i.lv_style_set_outline_color_filtered), (28 bytes).
    Removing lv_style_gen.o(i.lv_style_set_outline_opa), (22 bytes).
    Removing lv_style_gen.o(i.lv_style_set_outline_pad), (22 bytes).
    Removing lv_style_gen.o(i.lv_style_set_outline_width), (22 bytes).
    Removing lv_style_gen.o(i.lv_style_set_pad_bottom), (22 bytes).
    Removing lv_style_gen.o(i.lv_style_set_pad_column), (22 bytes).
    Removing lv_style_gen.o(i.lv_style_set_pad_left), (22 bytes).
    Removing lv_style_gen.o(i.lv_style_set_pad_right), (22 bytes).
    Removing lv_style_gen.o(i.lv_style_set_pad_row), (22 bytes).
    Removing lv_style_gen.o(i.lv_style_set_pad_top), (22 bytes).
    Removing lv_style_gen.o(i.lv_style_set_radius), (20 bytes).
    Removing lv_style_gen.o(i.lv_style_set_shadow_color), (26 bytes).
    Removing lv_style_gen.o(i.lv_style_set_shadow_color_filtered), (28 bytes).
    Removing lv_style_gen.o(i.lv_style_set_shadow_ofs_x), (22 bytes).
    Removing lv_style_gen.o(i.lv_style_set_shadow_ofs_y), (22 bytes).
    Removing lv_style_gen.o(i.lv_style_set_shadow_opa), (22 bytes).
    Removing lv_style_gen.o(i.lv_style_set_shadow_spread), (22 bytes).
    Removing lv_style_gen.o(i.lv_style_set_shadow_width), (22 bytes).
    Removing lv_style_gen.o(i.lv_style_set_text_align), (22 bytes).
    Removing lv_style_gen.o(i.lv_style_set_text_color), (28 bytes).
    Removing lv_style_gen.o(i.lv_style_set_text_color_filtered), (28 bytes).
    Removing lv_style_gen.o(i.lv_style_set_text_decor), (22 bytes).
    Removing lv_style_gen.o(i.lv_style_set_text_font), (22 bytes).
    Removing lv_style_gen.o(i.lv_style_set_text_letter_space), (22 bytes).
    Removing lv_style_gen.o(i.lv_style_set_text_line_space), (22 bytes).
    Removing lv_style_gen.o(i.lv_style_set_text_opa), (22 bytes).
    Removing lv_style_gen.o(i.lv_style_set_transform_angle), (22 bytes).
    Removing lv_style_gen.o(i.lv_style_set_transform_height), (22 bytes).
    Removing lv_style_gen.o(i.lv_style_set_transform_width), (22 bytes).
    Removing lv_style_gen.o(i.lv_style_set_transform_zoom), (22 bytes).
    Removing lv_style_gen.o(i.lv_style_set_transition), (20 bytes).
    Removing lv_style_gen.o(i.lv_style_set_translate_x), (22 bytes).
    Removing lv_style_gen.o(i.lv_style_set_translate_y), (22 bytes).
    Removing lv_style_gen.o(i.lv_style_set_width), (22 bytes).
    Removing lv_style_gen.o(i.lv_style_set_x), (22 bytes).
    Removing lv_style_gen.o(i.lv_style_set_y), (22 bytes).
    Removing lv_timer.o(i._lv_timer_core_init), (24 bytes).
    Removing lv_timer.o(i.lv_timer_create), (84 bytes).
    Removing lv_timer.o(i.lv_timer_create_basic), (16 bytes).
    Removing lv_timer.o(i.lv_timer_del), (36 bytes).
    Removing lv_timer.o(i.lv_timer_enable), (12 bytes).
    Removing lv_timer.o(i.lv_timer_exec), (88 bytes).
    Removing lv_timer.o(i.lv_timer_get_idle), (12 bytes).
    Removing lv_timer.o(i.lv_timer_get_next), (28 bytes).
    Removing lv_timer.o(i.lv_timer_handler), (340 bytes).
    Removing lv_timer.o(i.lv_timer_pause), (6 bytes).
    Removing lv_timer.o(i.lv_timer_ready), (18 bytes).
    Removing lv_timer.o(i.lv_timer_reset), (12 bytes).
    Removing lv_timer.o(i.lv_timer_resume), (6 bytes).
    Removing lv_timer.o(i.lv_timer_set_cb), (4 bytes).
    Removing lv_timer.o(i.lv_timer_set_period), (4 bytes).
    Removing lv_timer.o(i.lv_timer_set_repeat_count), (4 bytes).
    Removing lv_timer.o(i.lv_timer_time_remaining), (28 bytes).
    Removing lv_timer.o(.data), (20 bytes).
    Removing lv_tlsf.o(i.adjust_request_size), (48 bytes).
    Removing lv_tlsf.o(i.align_down), (28 bytes).
    Removing lv_tlsf.o(i.align_ptr), (34 bytes).
    Removing lv_tlsf.o(i.align_up), (30 bytes).
    Removing lv_tlsf.o(i.block_absorb), (50 bytes).
    Removing lv_tlsf.o(i.block_can_split), (28 bytes).
    Removing lv_tlsf.o(i.block_from_ptr), (8 bytes).
    Removing lv_tlsf.o(i.block_insert), (36 bytes).
    Removing lv_tlsf.o(i.block_is_free), (10 bytes).
    Removing lv_tlsf.o(i.block_is_last), (20 bytes).
    Removing lv_tlsf.o(i.block_is_prev_free), (10 bytes).
    Removing lv_tlsf.o(i.block_link_next), (18 bytes).
    Removing lv_tlsf.o(i.block_locate_free), (84 bytes).
    Removing lv_tlsf.o(i.block_mark_as_free), (26 bytes).
    Removing lv_tlsf.o(i.block_mark_as_used), (26 bytes).
    Removing lv_tlsf.o(i.block_merge_next), (78 bytes).
    Removing lv_tlsf.o(i.block_merge_prev), (80 bytes).
    Removing lv_tlsf.o(i.block_next), (56 bytes).
    Removing lv_tlsf.o(i.block_prepare_used), (58 bytes).
    Removing lv_tlsf.o(i.block_prev), (28 bytes).
    Removing lv_tlsf.o(i.block_remove), (36 bytes).
    Removing lv_tlsf.o(i.block_set_free), (10 bytes).
    Removing lv_tlsf.o(i.block_set_prev_free), (10 bytes).
    Removing lv_tlsf.o(i.block_set_prev_used), (10 bytes).
    Removing lv_tlsf.o(i.block_set_size), (12 bytes).
    Removing lv_tlsf.o(i.block_set_used), (10 bytes).
    Removing lv_tlsf.o(i.block_size), (10 bytes).
    Removing lv_tlsf.o(i.block_split), (148 bytes).
    Removing lv_tlsf.o(i.block_to_ptr), (8 bytes).
    Removing lv_tlsf.o(i.block_trim_free), (76 bytes).
    Removing lv_tlsf.o(i.block_trim_free_leading), (58 bytes).
    Removing lv_tlsf.o(i.block_trim_used), (80 bytes).
    Removing lv_tlsf.o(i.control_constructor), (54 bytes).
    Removing lv_tlsf.o(i.default_walker), (6 bytes).
    Removing lv_tlsf.o(i.insert_free_block), (152 bytes).
    Removing lv_tlsf.o(i.integrity_walker), (124 bytes).
    Removing lv_tlsf.o(i.lv_tlsf_add_pool), (142 bytes).
    Removing lv_tlsf.o(i.lv_tlsf_align_size), (4 bytes).
    Removing lv_tlsf.o(i.lv_tlsf_alloc_overhead), (4 bytes).
    Removing lv_tlsf.o(i.lv_tlsf_block_size), (30 bytes).
    Removing lv_tlsf.o(i.lv_tlsf_block_size_max), (6 bytes).
    Removing lv_tlsf.o(i.lv_tlsf_block_size_min), (4 bytes).
    Removing lv_tlsf.o(i.lv_tlsf_check), (440 bytes).
    Removing lv_tlsf.o(i.lv_tlsf_check_pool), (28 bytes).
    Removing lv_tlsf.o(i.lv_tlsf_create), (36 bytes).
    Removing lv_tlsf.o(i.lv_tlsf_create_with_pool), (46 bytes).
    Removing lv_tlsf.o(i.lv_tlsf_destroy), (2 bytes).
    Removing lv_tlsf.o(i.lv_tlsf_free), (80 bytes).
    Removing lv_tlsf.o(i.lv_tlsf_get_pool), (12 bytes).
    Removing lv_tlsf.o(i.lv_tlsf_malloc), (44 bytes).
    Removing lv_tlsf.o(i.lv_tlsf_memalign), (190 bytes).
    Removing lv_tlsf.o(i.lv_tlsf_pool_overhead), (4 bytes).
    Removing lv_tlsf.o(i.lv_tlsf_realloc), (214 bytes).
    Removing lv_tlsf.o(i.lv_tlsf_remove_pool), (132 bytes).
    Removing lv_tlsf.o(i.lv_tlsf_size), (6 bytes).
    Removing lv_tlsf.o(i.lv_tlsf_walk_pool), (104 bytes).
    Removing lv_tlsf.o(i.mapping_insert), (58 bytes).
    Removing lv_tlsf.o(i.mapping_search), (48 bytes).
    Removing lv_tlsf.o(i.offset_to_block), (6 bytes).
    Removing lv_tlsf.o(i.remove_free_block), (114 bytes).
    Removing lv_tlsf.o(i.search_suitable_block), (132 bytes).
    Removing lv_tlsf.o(i.tlsf_ffs), (22 bytes).
    Removing lv_tlsf.o(i.tlsf_fls), (22 bytes).
    Removing lv_txt.o(i._lv_txt_cut), (76 bytes).
    Removing lv_txt.o(i._lv_txt_encoded_letter_next_2), (56 bytes).
    Removing lv_txt.o(i._lv_txt_get_next_line), (300 bytes).
    Removing lv_txt.o(i._lv_txt_ins), (96 bytes).
    Removing lv_txt.o(i._lv_txt_is_cmd), (72 bytes).
    Removing lv_txt.o(i._lv_txt_set_text_vfmt), (80 bytes).
    Removing lv_txt.o(i.lv_memcpy_small), (24 bytes).
    Removing lv_txt.o(i.lv_txt_get_next_word), (364 bytes).
    Removing lv_txt.o(i.lv_txt_get_size), (228 bytes).
    Removing lv_txt.o(i.lv_txt_get_width), (136 bytes).
    Removing lv_txt.o(i.lv_txt_unicode_to_utf8), (164 bytes).
    Removing lv_txt.o(i.lv_txt_utf8_conv_wc), (76 bytes).
    Removing lv_txt.o(i.lv_txt_utf8_get_byte_id), (60 bytes).
    Removing lv_txt.o(i.lv_txt_utf8_get_char_id), (40 bytes).
    Removing lv_txt.o(i.lv_txt_utf8_get_length), (40 bytes).
    Removing lv_txt.o(i.lv_txt_utf8_next), (328 bytes).
    Removing lv_txt.o(i.lv_txt_utf8_prev), (96 bytes).
    Removing lv_txt.o(i.lv_txt_utf8_size), (60 bytes).
    Removing lv_txt.o(.data), (32 bytes).
    Removing lv_utils.o(i._lv_utils_bsearch), (84 bytes).
    Removing lv_arc.o(i.get_center), (166 bytes).
    Removing lv_arc.o(i.get_knob_area), (302 bytes).
    Removing lv_arc.o(i.inv_arc_area), (482 bytes).
    Removing lv_arc.o(i.lv_arc_constructor), (114 bytes).
    Removing lv_arc.o(i.lv_arc_create), (32 bytes).
    Removing lv_arc.o(i.lv_arc_draw), (476 bytes).
    Removing lv_arc.o(i.lv_arc_event), (1280 bytes).
    Removing lv_arc.o(i.lv_arc_get_angle_end), (10 bytes).
    Removing lv_arc.o(i.lv_arc_get_angle_start), (10 bytes).
    Removing lv_arc.o(i.lv_arc_get_bg_angle_end), (10 bytes).
    Removing lv_arc.o(i.lv_arc_get_bg_angle_start), (10 bytes).
    Removing lv_arc.o(i.lv_arc_get_max_value), (12 bytes).
    Removing lv_arc.o(i.lv_arc_get_min_value), (12 bytes).
    Removing lv_arc.o(i.lv_arc_get_mode), (16 bytes).
    Removing lv_arc.o(i.lv_arc_get_value), (12 bytes).
    Removing lv_arc.o(i.lv_arc_set_angles), (26 bytes).
    Removing lv_arc.o(i.lv_arc_set_bg_angles), (26 bytes).
    Removing lv_arc.o(i.lv_arc_set_bg_end_angle), (130 bytes).
    Removing lv_arc.o(i.lv_arc_set_bg_start_angle), (130 bytes).
    Removing lv_arc.o(i.lv_arc_set_change_rate), (10 bytes).
    Removing lv_arc.o(i.lv_arc_set_end_angle), (128 bytes).
    Removing lv_arc.o(i.lv_arc_set_mode), (140 bytes).
    Removing lv_arc.o(i.lv_arc_set_range), (70 bytes).
    Removing lv_arc.o(i.lv_arc_set_rotation), (22 bytes).
    Removing lv_arc.o(i.lv_arc_set_start_angle), (128 bytes).
    Removing lv_arc.o(i.lv_arc_set_value), (84 bytes).
    Removing lv_arc.o(i.lv_obj_get_style_arc_width), (26 bytes).
    Removing lv_arc.o(i.lv_obj_get_style_pad_bottom), (26 bytes).
    Removing lv_arc.o(i.lv_obj_get_style_pad_left), (26 bytes).
    Removing lv_arc.o(i.lv_obj_get_style_pad_right), (26 bytes).
    Removing lv_arc.o(i.lv_obj_get_style_pad_top), (26 bytes).
    Removing lv_arc.o(i.value_update), (266 bytes).
    Removing lv_arc.o(.constdata), (28 bytes).
    Removing lv_bar.o(i.draw_indic), (1562 bytes).
    Removing lv_bar.o(i.lv_area_copy), (18 bytes).
    Removing lv_bar.o(i.lv_area_get_height), (14 bytes).
    Removing lv_bar.o(i.lv_area_get_width), (14 bytes).
    Removing lv_bar.o(i.lv_bar_anim), (18 bytes).
    Removing lv_bar.o(i.lv_bar_anim_ready), (54 bytes).
    Removing lv_bar.o(i.lv_bar_constructor), (74 bytes).
    Removing lv_bar.o(i.lv_bar_create), (32 bytes).
    Removing lv_bar.o(i.lv_bar_destructor), (30 bytes).
    Removing lv_bar.o(i.lv_bar_event), (252 bytes).
    Removing lv_bar.o(i.lv_bar_get_max_value), (12 bytes).
    Removing lv_bar.o(i.lv_bar_get_min_value), (12 bytes).
    Removing lv_bar.o(i.lv_bar_get_mode), (18 bytes).
    Removing lv_bar.o(i.lv_bar_get_start_value), (38 bytes).
    Removing lv_bar.o(i.lv_bar_get_value), (22 bytes).
    Removing lv_bar.o(i.lv_bar_init_anim), (14 bytes).
    Removing lv_bar.o(i.lv_bar_set_mode), (40 bytes).
    Removing lv_bar.o(i.lv_bar_set_range), (94 bytes).
    Removing lv_bar.o(i.lv_bar_set_start_value), (94 bytes).
    Removing lv_bar.o(i.lv_bar_set_value), (102 bytes).
    Removing lv_bar.o(i.lv_bar_set_value_with_anim), (152 bytes).
    Removing lv_bar.o(i.lv_obj_get_style_pad_bottom), (26 bytes).
    Removing lv_bar.o(i.lv_obj_get_style_pad_left), (26 bytes).
    Removing lv_bar.o(i.lv_obj_get_style_pad_right), (26 bytes).
    Removing lv_bar.o(i.lv_obj_get_style_pad_top), (26 bytes).
    Removing lv_bar.o(.constdata), (28 bytes).
    Removing lv_btn.o(i.lv_btn_constructor), (26 bytes).
    Removing lv_btn.o(i.lv_btn_create), (32 bytes).
    Removing lv_btn.o(.constdata), (28 bytes).
    Removing lv_btnmatrix.o(i.allocate_btn_areas_and_controls), (180 bytes).
    Removing lv_btnmatrix.o(i.button_get_checked), (8 bytes).
    Removing lv_btnmatrix.o(i.button_is_checkable), (8 bytes).
    Removing lv_btnmatrix.o(i.button_is_checked), (8 bytes).
    Removing lv_btnmatrix.o(i.button_is_click_trig), (8 bytes).
    Removing lv_btnmatrix.o(i.button_is_hidden), (8 bytes).
    Removing lv_btnmatrix.o(i.button_is_inactive), (8 bytes).
    Removing lv_btnmatrix.o(i.button_is_popover), (8 bytes).
    Removing lv_btnmatrix.o(i.button_is_recolor), (8 bytes).
    Removing lv_btnmatrix.o(i.button_is_repeat_disabled), (8 bytes).
    Removing lv_btnmatrix.o(i.draw_main), (1048 bytes).
    Removing lv_btnmatrix.o(i.get_button_from_point), (508 bytes).
    Removing lv_btnmatrix.o(i.get_button_width), (16 bytes).
    Removing lv_btnmatrix.o(i.has_popovers_in_top_row), (84 bytes).
    Removing lv_btnmatrix.o(i.invalidate_button_area), (252 bytes).
    Removing lv_btnmatrix.o(i.lv_area_copy), (18 bytes).
    Removing lv_btnmatrix.o(i.lv_area_get_height), (14 bytes).
    Removing lv_btnmatrix.o(i.lv_area_get_width), (14 bytes).
    Removing lv_btnmatrix.o(i.lv_btnmatrix_clear_btn_ctrl), (64 bytes).
    Removing lv_btnmatrix.o(i.lv_btnmatrix_clear_btn_ctrl_all), (42 bytes).
    Removing lv_btnmatrix.o(i.lv_btnmatrix_constructor), (48 bytes).
    Removing lv_btnmatrix.o(i.lv_btnmatrix_create), (32 bytes).
    Removing lv_btnmatrix.o(i.lv_btnmatrix_destructor), (28 bytes).
    Removing lv_btnmatrix.o(i.lv_btnmatrix_event), (1736 bytes).
    Removing lv_btnmatrix.o(i.lv_btnmatrix_get_btn_text), (96 bytes).
    Removing lv_btnmatrix.o(i.lv_btnmatrix_get_map), (12 bytes).
    Removing lv_btnmatrix.o(i.lv_btnmatrix_get_one_checked), (18 bytes).
    Removing lv_btnmatrix.o(i.lv_btnmatrix_get_selected_btn), (12 bytes).
    Removing lv_btnmatrix.o(i.lv_btnmatrix_has_btn_ctrl), (40 bytes).
    Removing lv_btnmatrix.o(i.lv_btnmatrix_set_btn_ctrl), (88 bytes).
    Removing lv_btnmatrix.o(i.lv_btnmatrix_set_btn_ctrl_all), (42 bytes).
    Removing lv_btnmatrix.o(i.lv_btnmatrix_set_btn_width), (72 bytes).
    Removing lv_btnmatrix.o(i.lv_btnmatrix_set_ctrl_map), (34 bytes).
    Removing lv_btnmatrix.o(i.lv_btnmatrix_set_map), (496 bytes).
    Removing lv_btnmatrix.o(i.lv_btnmatrix_set_one_checked), (26 bytes).
    Removing lv_btnmatrix.o(i.lv_btnmatrix_set_selected_btn), (50 bytes).
    Removing lv_btnmatrix.o(i.lv_obj_get_style_pad_bottom), (26 bytes).
    Removing lv_btnmatrix.o(i.lv_obj_get_style_pad_column), (26 bytes).
    Removing lv_btnmatrix.o(i.lv_obj_get_style_pad_left), (26 bytes).
    Removing lv_btnmatrix.o(i.lv_obj_get_style_pad_right), (26 bytes).
    Removing lv_btnmatrix.o(i.lv_obj_get_style_pad_row), (26 bytes).
    Removing lv_btnmatrix.o(i.lv_obj_get_style_pad_top), (26 bytes).
    Removing lv_btnmatrix.o(i.make_one_button_checked), (40 bytes).
    Removing lv_btnmatrix.o(.constdata), (28 bytes).
    Removing lv_btnmatrix.o(.conststring), (45 bytes).
    Removing lv_btnmatrix.o(.data), (28 bytes).
    Removing lv_canvas.o(i.deinit_fake_disp), (28 bytes).
    Removing lv_canvas.o(i.init_fake_disp), (166 bytes).
    Removing lv_canvas.o(i.lv_area_copy), (18 bytes).
    Removing lv_canvas.o(i.lv_canvas_blur_hor), (892 bytes).
    Removing lv_canvas.o(i.lv_canvas_blur_ver), (852 bytes).
    Removing lv_canvas.o(i.lv_canvas_constructor), (60 bytes).
    Removing lv_canvas.o(i.lv_canvas_copy_buf), (166 bytes).
    Removing lv_canvas.o(i.lv_canvas_create), (32 bytes).
    Removing lv_canvas.o(i.lv_canvas_destructor), (18 bytes).
    Removing lv_canvas.o(i.lv_canvas_draw_arc), (144 bytes).
    Removing lv_canvas.o(i.lv_canvas_draw_img), (178 bytes).
    Removing lv_canvas.o(i.lv_canvas_draw_line), (178 bytes).
    Removing lv_canvas.o(i.lv_canvas_draw_polygon), (158 bytes).
    Removing lv_canvas.o(i.lv_canvas_draw_rect), (196 bytes).
    Removing lv_canvas.o(i.lv_canvas_draw_text), (158 bytes).
    Removing lv_canvas.o(i.lv_canvas_fill_bg), (188 bytes).
    Removing lv_canvas.o(i.lv_canvas_get_img), (14 bytes).
    Removing lv_canvas.o(i.lv_canvas_get_px), (52 bytes).
    Removing lv_canvas.o(i.lv_canvas_set_buffer), (78 bytes).
    Removing lv_canvas.o(i.lv_canvas_set_palette), (32 bytes).
    Removing lv_canvas.o(i.lv_canvas_set_px_color), (40 bytes).
    Removing lv_canvas.o(i.lv_canvas_set_px_opa), (42 bytes).
    Removing lv_canvas.o(i.lv_canvas_transform), (586 bytes).
    Removing lv_canvas.o(i.lv_color_hex), (34 bytes).
    Removing lv_canvas.o(i.lv_color_mix), (68 bytes).
    Removing lv_canvas.o(i.lv_obj_get_style_img_recolor), (22 bytes).
    Removing lv_canvas.o(.constdata), (28 bytes).
    Removing lv_checkbox.o(i.lv_checkbox_constructor), (56 bytes).
    Removing lv_checkbox.o(i.lv_checkbox_create), (32 bytes).
    Removing lv_checkbox.o(i.lv_checkbox_destructor), (30 bytes).
    Removing lv_checkbox.o(i.lv_checkbox_draw), (612 bytes).
    Removing lv_checkbox.o(i.lv_checkbox_event), (320 bytes).
    Removing lv_checkbox.o(i.lv_checkbox_get_text), (8 bytes).
    Removing lv_checkbox.o(i.lv_checkbox_set_text), (76 bytes).
    Removing lv_checkbox.o(i.lv_checkbox_set_text_static), (44 bytes).
    Removing lv_checkbox.o(i.lv_obj_get_style_pad_bottom), (26 bytes).
    Removing lv_checkbox.o(i.lv_obj_get_style_pad_column), (26 bytes).
    Removing lv_checkbox.o(i.lv_obj_get_style_pad_left), (26 bytes).
    Removing lv_checkbox.o(i.lv_obj_get_style_pad_right), (26 bytes).
    Removing lv_checkbox.o(i.lv_obj_get_style_pad_top), (26 bytes).
    Removing lv_checkbox.o(i.lv_obj_get_style_text_font), (24 bytes).
    Removing lv_checkbox.o(i.lv_obj_get_style_text_letter_space), (26 bytes).
    Removing lv_checkbox.o(i.lv_obj_get_style_text_line_space), (26 bytes).
    Removing lv_checkbox.o(.constdata), (28 bytes).
    Removing lv_dropdown.o(i.btn_release_handler), (134 bytes).
    Removing lv_dropdown.o(i.draw_box), (216 bytes).
    Removing lv_dropdown.o(i.draw_box_label), (264 bytes).
    Removing lv_dropdown.o(i.draw_list), (188 bytes).
    Removing lv_dropdown.o(i.draw_main), (762 bytes).
    Removing lv_dropdown.o(i.get_id_on_point), (106 bytes).
    Removing lv_dropdown.o(i.get_label), (24 bytes).
    Removing lv_dropdown.o(i.list_press_handler), (74 bytes).
    Removing lv_dropdown.o(i.list_release_handler), (152 bytes).
    Removing lv_dropdown.o(i.lv_dropdown_add_option), (380 bytes).
    Removing lv_dropdown.o(i.lv_dropdown_clear_options), (72 bytes).
    Removing lv_dropdown.o(i.lv_dropdown_close), (44 bytes).
    Removing lv_dropdown.o(i.lv_dropdown_constructor), (148 bytes).
    Removing lv_dropdown.o(i.lv_dropdown_create), (32 bytes).
    Removing lv_dropdown.o(i.lv_dropdown_destructor), (44 bytes).
    Removing lv_dropdown.o(i.lv_dropdown_event), (368 bytes).
    Removing lv_dropdown.o(i.lv_dropdown_get_dir), (18 bytes).
    Removing lv_dropdown.o(i.lv_dropdown_get_list), (12 bytes).
    Removing lv_dropdown.o(i.lv_dropdown_get_option_cnt), (12 bytes).
    Removing lv_dropdown.o(i.lv_dropdown_get_options), (24 bytes).
    Removing lv_dropdown.o(i.lv_dropdown_get_selected), (12 bytes).
    Removing lv_dropdown.o(i.lv_dropdown_get_selected_highlight), (18 bytes).
    Removing lv_dropdown.o(i.lv_dropdown_get_selected_str), (126 bytes).
    Removing lv_dropdown.o(i.lv_dropdown_get_symbol), (12 bytes).
    Removing lv_dropdown.o(i.lv_dropdown_get_text), (12 bytes).
    Removing lv_dropdown.o(i.lv_dropdown_is_open), (24 bytes).
    Removing lv_dropdown.o(i.lv_dropdown_list_create), (32 bytes).
    Removing lv_dropdown.o(i.lv_dropdown_list_event), (140 bytes).
    Removing lv_dropdown.o(i.lv_dropdown_open), (676 bytes).
    Removing lv_dropdown.o(i.lv_dropdown_set_dir), (48 bytes).
    Removing lv_dropdown.o(i.lv_dropdown_set_options), (174 bytes).
    Removing lv_dropdown.o(i.lv_dropdown_set_options_static), (128 bytes).
    Removing lv_dropdown.o(i.lv_dropdown_set_selected), (50 bytes).
    Removing lv_dropdown.o(i.lv_dropdown_set_selected_highlight), (36 bytes).
    Removing lv_dropdown.o(i.lv_dropdown_set_symbol), (22 bytes).
    Removing lv_dropdown.o(i.lv_dropdown_set_text), (32 bytes).
    Removing lv_dropdown.o(i.lv_dropdownlist_constructor), (50 bytes).
    Removing lv_dropdown.o(i.lv_dropdownlist_destructor), (16 bytes).
    Removing lv_dropdown.o(i.lv_font_get_line_height), (8 bytes).
    Removing lv_dropdown.o(i.lv_obj_get_style_border_width), (26 bytes).
    Removing lv_dropdown.o(i.lv_obj_get_style_pad_top), (26 bytes).
    Removing lv_dropdown.o(i.lv_obj_get_style_text_font), (24 bytes).
    Removing lv_dropdown.o(i.lv_obj_get_style_text_line_space), (26 bytes).
    Removing lv_dropdown.o(i.position_to_selected), (108 bytes).
    Removing lv_dropdown.o(.constdata), (56 bytes).
    Removing lv_img.o(i.draw_img), (1428 bytes).
    Removing lv_img.o(i.lv_area_copy), (18 bytes).
    Removing lv_img.o(i.lv_area_get_height), (14 bytes).
    Removing lv_img.o(i.lv_area_get_width), (14 bytes).
    Removing lv_img.o(i.lv_img_constructor), (106 bytes).
    Removing lv_img.o(i.lv_img_create), (32 bytes).
    Removing lv_img.o(i.lv_img_destructor), (58 bytes).
    Removing lv_img.o(i.lv_img_event), (676 bytes).
    Removing lv_img.o(i.lv_img_get_angle), (12 bytes).
    Removing lv_img.o(i.lv_img_get_antialias), (16 bytes).
    Removing lv_img.o(i.lv_img_get_offset_x), (14 bytes).
    Removing lv_img.o(i.lv_img_get_offset_y), (14 bytes).
    Removing lv_img.o(i.lv_img_get_pivot), (14 bytes).
    Removing lv_img.o(i.lv_img_get_size_mode), (18 bytes).
    Removing lv_img.o(i.lv_img_get_src), (12 bytes).
    Removing lv_img.o(i.lv_img_get_transformed_size), (90 bytes).
    Removing lv_img.o(i.lv_img_get_zoom), (12 bytes).
    Removing lv_img.o(i.lv_img_set_angle), (286 bytes).
    Removing lv_img.o(i.lv_img_set_antialias), (42 bytes).
    Removing lv_img.o(i.lv_img_set_offset_x), (34 bytes).
    Removing lv_img.o(i.lv_img_set_offset_y), (36 bytes).
    Removing lv_img.o(i.lv_img_set_pivot), (284 bytes).
    Removing lv_img.o(i.lv_img_set_size_mode), (40 bytes).
    Removing lv_img.o(i.lv_img_set_src), (458 bytes).
    Removing lv_img.o(i.lv_img_set_zoom), (286 bytes).
    Removing lv_img.o(i.lv_obj_get_style_transform_angle), (26 bytes).
    Removing lv_img.o(i.lv_obj_get_style_transform_zoom), (26 bytes).
    Removing lv_img.o(.constdata), (28 bytes).
    Removing lv_label.o(i.draw_main), (672 bytes).
    Removing lv_label.o(i.lv_anim_set_exec_cb), (4 bytes).
    Removing lv_label.o(i.lv_anim_set_playback_time), (4 bytes).
    Removing lv_label.o(i.lv_anim_set_repeat_count), (4 bytes).
    Removing lv_label.o(i.lv_anim_set_time), (4 bytes).
    Removing lv_label.o(i.lv_anim_set_values), (8 bytes).
    Removing lv_label.o(i.lv_anim_set_var), (4 bytes).
    Removing lv_label.o(i.lv_area_get_height), (14 bytes).
    Removing lv_label.o(i.lv_area_get_width), (14 bytes).
    Removing lv_label.o(i.lv_font_get_line_height), (8 bytes).
    Removing lv_label.o(i.lv_label_constructor), (124 bytes).
    Removing lv_label.o(i.lv_label_create), (32 bytes).
    Removing lv_label.o(i.lv_label_cut_text), (64 bytes).
    Removing lv_label.o(i.lv_label_destructor), (36 bytes).
    Removing lv_label.o(i.lv_label_dot_tmp_free), (44 bytes).
    Removing lv_label.o(i.lv_label_event), (332 bytes).
    Removing lv_label.o(i.lv_label_get_dot_tmp), (24 bytes).
    Removing lv_label.o(i.lv_label_get_letter_on), (616 bytes).
    Removing lv_label.o(i.lv_label_get_letter_pos), (520 bytes).
    Removing lv_label.o(i.lv_label_get_long_mode), (18 bytes).
    Removing lv_label.o(i.lv_label_get_recolor), (18 bytes).
    Removing lv_label.o(i.lv_label_get_text), (12 bytes).
    Removing lv_label.o(i.lv_label_get_text_selection_end), (12 bytes).
    Removing lv_label.o(i.lv_label_get_text_selection_start), (12 bytes).
    Removing lv_label.o(i.lv_label_ins_text), (148 bytes).
    Removing lv_label.o(i.lv_label_is_char_under_pos), (522 bytes).
    Removing lv_label.o(i.lv_label_refr_text), (1452 bytes).
    Removing lv_label.o(i.lv_label_revert_dots), (112 bytes).
    Removing lv_label.o(i.lv_label_set_dot_tmp), (104 bytes).
    Removing lv_label.o(i.lv_label_set_long_mode), (132 bytes).
    Removing lv_label.o(i.lv_label_set_recolor), (48 bytes).
    Removing lv_label.o(i.lv_label_set_text), (176 bytes).
    Removing lv_label.o(i.lv_label_set_text_fmt), (114 bytes).
    Removing lv_label.o(i.lv_label_set_text_sel_end), (22 bytes).
    Removing lv_label.o(i.lv_label_set_text_sel_start), (22 bytes).
    Removing lv_label.o(i.lv_label_set_text_static), (62 bytes).
    Removing lv_label.o(i.lv_obj_get_style_anim_speed), (22 bytes).
    Removing lv_label.o(i.lv_obj_get_style_text_font), (24 bytes).
    Removing lv_label.o(i.lv_obj_get_style_text_letter_space), (26 bytes).
    Removing lv_label.o(i.lv_obj_get_style_text_line_space), (26 bytes).
    Removing lv_label.o(i.lv_obj_get_style_width), (26 bytes).
    Removing lv_label.o(i.set_ofs_x_anim), (22 bytes).
    Removing lv_label.o(i.set_ofs_y_anim), (22 bytes).
    Removing lv_label.o(.constdata), (28 bytes).
    Removing lv_line.o(i.lv_line_constructor), (28 bytes).
    Removing lv_line.o(i.lv_line_create), (32 bytes).
    Removing lv_line.o(i.lv_line_event), (468 bytes).
    Removing lv_line.o(i.lv_line_get_y_invert), (18 bytes).
    Removing lv_line.o(i.lv_line_set_points), (36 bytes).
    Removing lv_line.o(i.lv_line_set_y_invert), (40 bytes).
    Removing lv_line.o(i.lv_obj_get_style_line_width), (26 bytes).
    Removing lv_line.o(.constdata), (28 bytes).
    Removing lv_roller.o(i.draw_label), (210 bytes).
    Removing lv_roller.o(i.draw_main), (476 bytes).
    Removing lv_roller.o(i.get_label), (14 bytes).
    Removing lv_roller.o(i.get_sel_area), (134 bytes).
    Removing lv_roller.o(i.get_selected_label_width), (98 bytes).
    Removing lv_roller.o(i.inf_normalize), (174 bytes).
    Removing lv_roller.o(i.lv_font_get_line_height), (8 bytes).
    Removing lv_roller.o(i.lv_obj_get_style_border_width), (26 bytes).
    Removing lv_roller.o(i.lv_obj_get_style_text_font), (24 bytes).
    Removing lv_roller.o(i.lv_obj_get_style_text_line_space), (26 bytes).
    Removing lv_roller.o(i.lv_roller_constructor), (140 bytes).
    Removing lv_roller.o(i.lv_roller_create), (32 bytes).
    Removing lv_roller.o(i.lv_roller_event), (476 bytes).
    Removing lv_roller.o(i.lv_roller_get_option_cnt), (34 bytes).
    Removing lv_roller.o(i.lv_roller_get_options), (22 bytes).
    Removing lv_roller.o(i.lv_roller_get_selected), (48 bytes).
    Removing lv_roller.o(i.lv_roller_get_selected_str), (136 bytes).
    Removing lv_roller.o(i.lv_roller_label_event), (148 bytes).
    Removing lv_roller.o(i.lv_roller_set_options), (250 bytes).
    Removing lv_roller.o(i.lv_roller_set_selected), (88 bytes).
    Removing lv_roller.o(i.lv_roller_set_visible_row_count), (74 bytes).
    Removing lv_roller.o(i.refr_position), (368 bytes).
    Removing lv_roller.o(i.release_handler), (396 bytes).
    Removing lv_roller.o(i.scroll_anim_ready_cb), (20 bytes).
    Removing lv_roller.o(i.set_y_anim), (16 bytes).
    Removing lv_roller.o(.constdata), (56 bytes).
    Removing lv_slider.o(i.draw_knob), (560 bytes).
    Removing lv_slider.o(i.lv_area_copy), (18 bytes).
    Removing lv_slider.o(i.lv_obj_get_style_base_dir), (26 bytes).
    Removing lv_slider.o(i.lv_obj_get_style_pad_bottom), (26 bytes).
    Removing lv_slider.o(i.lv_obj_get_style_pad_left), (26 bytes).
    Removing lv_slider.o(i.lv_obj_get_style_pad_right), (26 bytes).
    Removing lv_slider.o(i.lv_obj_get_style_pad_top), (26 bytes).
    Removing lv_slider.o(i.lv_obj_get_style_transform_height), (26 bytes).
    Removing lv_slider.o(i.lv_obj_get_style_transform_width), (26 bytes).
    Removing lv_slider.o(i.lv_slider_constructor), (110 bytes).
    Removing lv_slider.o(i.lv_slider_create), (32 bytes).
    Removing lv_slider.o(i.lv_slider_event), (1806 bytes).
    Removing lv_slider.o(i.lv_slider_get_left_value), (12 bytes).
    Removing lv_slider.o(i.lv_slider_get_mode), (30 bytes).
    Removing lv_slider.o(i.lv_slider_get_value), (12 bytes).
    Removing lv_slider.o(i.lv_slider_is_dragged), (18 bytes).
    Removing lv_slider.o(i.lv_slider_set_left_value), (20 bytes).
    Removing lv_slider.o(i.lv_slider_set_value), (20 bytes).
    Removing lv_slider.o(i.position_knob), (200 bytes).
    Removing lv_slider.o(.constdata), (28 bytes).
    Removing lv_switch.o(i.draw_main), (476 bytes).
    Removing lv_switch.o(i.lv_obj_get_style_pad_bottom), (26 bytes).
    Removing lv_switch.o(i.lv_obj_get_style_pad_left), (26 bytes).
    Removing lv_switch.o(i.lv_obj_get_style_pad_right), (26 bytes).
    Removing lv_switch.o(i.lv_obj_get_style_pad_top), (26 bytes).
    Removing lv_switch.o(i.lv_switch_anim_exec_cb), (18 bytes).
    Removing lv_switch.o(i.lv_switch_anim_ready), (20 bytes).
    Removing lv_switch.o(i.lv_switch_constructor), (42 bytes).
    Removing lv_switch.o(i.lv_switch_create), (32 bytes).
    Removing lv_switch.o(i.lv_switch_destructor), (18 bytes).
    Removing lv_switch.o(i.lv_switch_event), (260 bytes).
    Removing lv_switch.o(i.lv_switch_trigger_anim), (196 bytes).
    Removing lv_switch.o(.constdata), (28 bytes).
    Removing lv_table.o(i.draw_main), (1476 bytes).
    Removing lv_table.o(i.get_pressed_cell), (298 bytes).
    Removing lv_table.o(i.get_row_height), (338 bytes).
    Removing lv_table.o(i.lv_obj_get_style_base_dir), (26 bytes).
    Removing lv_table.o(i.lv_obj_get_style_max_height), (26 bytes).
    Removing lv_table.o(i.lv_obj_get_style_min_height), (26 bytes).
    Removing lv_table.o(i.lv_obj_get_style_pad_bottom), (26 bytes).
    Removing lv_table.o(i.lv_obj_get_style_pad_left), (26 bytes).
    Removing lv_table.o(i.lv_obj_get_style_pad_right), (26 bytes).
    Removing lv_table.o(i.lv_obj_get_style_pad_top), (26 bytes).
    Removing lv_table.o(i.lv_obj_get_style_text_font), (24 bytes).
    Removing lv_table.o(i.lv_obj_get_style_text_letter_space), (26 bytes).
    Removing lv_table.o(i.lv_obj_get_style_text_line_space), (26 bytes).
    Removing lv_table.o(i.lv_table_add_cell_ctrl), (150 bytes).
    Removing lv_table.o(i.lv_table_clear_cell_ctrl), (150 bytes).
    Removing lv_table.o(i.lv_table_constructor), (68 bytes).
    Removing lv_table.o(i.lv_table_create), (32 bytes).
    Removing lv_table.o(i.lv_table_destructor), (78 bytes).
    Removing lv_table.o(i.lv_table_event), (536 bytes).
    Removing lv_table.o(i.lv_table_get_cell_value), (64 bytes).
    Removing lv_table.o(i.lv_table_get_col_cnt), (12 bytes).
    Removing lv_table.o(i.lv_table_get_col_width), (30 bytes).
    Removing lv_table.o(i.lv_table_get_row_cnt), (12 bytes).
    Removing lv_table.o(i.lv_table_get_selected_cell), (14 bytes).
    Removing lv_table.o(i.lv_table_has_cell_ctrl), (72 bytes).
    Removing lv_table.o(i.lv_table_set_cell_value), (186 bytes).
    Removing lv_table.o(i.lv_table_set_cell_value_fmt), (408 bytes).
    Removing lv_table.o(i.lv_table_set_col_cnt), (298 bytes).
    Removing lv_table.o(i.lv_table_set_col_width), (50 bytes).
    Removing lv_table.o(i.lv_table_set_row_cnt), (184 bytes).
    Removing lv_table.o(i.refr_size), (234 bytes).
    Removing lv_table.o(.constdata), (28 bytes).
    Removing lv_textarea.o(i.char_is_accepted), (112 bytes).
    Removing lv_textarea.o(i.cursor_blink_anim_cb), (126 bytes).
    Removing lv_textarea.o(i.draw_cursor), (336 bytes).
    Removing lv_textarea.o(i.draw_placeholder), (174 bytes).
    Removing lv_textarea.o(i.insert_handler), (76 bytes).
    Removing lv_textarea.o(i.label_event_cb), (62 bytes).
    Removing lv_textarea.o(i.lv_anim_set_exec_cb), (4 bytes).
    Removing lv_textarea.o(i.lv_anim_set_path_cb), (4 bytes).
    Removing lv_textarea.o(i.lv_anim_set_ready_cb), (4 bytes).
    Removing lv_textarea.o(i.lv_anim_set_time), (4 bytes).
    Removing lv_textarea.o(i.lv_anim_set_values), (8 bytes).
    Removing lv_textarea.o(i.lv_anim_set_var), (4 bytes).
    Removing lv_textarea.o(i.lv_area_copy), (18 bytes).
    Removing lv_textarea.o(i.lv_font_get_line_height), (8 bytes).
    Removing lv_textarea.o(i.lv_obj_get_style_border_width), (26 bytes).
    Removing lv_textarea.o(i.lv_obj_get_style_pad_left), (26 bytes).
    Removing lv_textarea.o(i.lv_obj_get_style_pad_top), (26 bytes).
    Removing lv_textarea.o(i.lv_obj_get_style_text_font), (24 bytes).
    Removing lv_textarea.o(i.lv_obj_get_style_text_line_space), (26 bytes).
    Removing lv_textarea.o(i.lv_pct), (24 bytes).
    Removing lv_textarea.o(i.lv_textarea_add_char), (356 bytes).
    Removing lv_textarea.o(i.lv_textarea_add_text), (388 bytes).
    Removing lv_textarea.o(i.lv_textarea_clear_selection), (60 bytes).
    Removing lv_textarea.o(i.lv_textarea_constructor), (184 bytes).
    Removing lv_textarea.o(i.lv_textarea_create), (32 bytes).
    Removing lv_textarea.o(i.lv_textarea_cursor_down), (126 bytes).
    Removing lv_textarea.o(i.lv_textarea_cursor_left), (30 bytes).
    Removing lv_textarea.o(i.lv_textarea_cursor_right), (28 bytes).
    Removing lv_textarea.o(i.lv_textarea_cursor_up), (112 bytes).
    Removing lv_textarea.o(i.lv_textarea_del_char), (196 bytes).
    Removing lv_textarea.o(i.lv_textarea_del_char_forward), (42 bytes).
    Removing lv_textarea.o(i.lv_textarea_destructor), (38 bytes).
    Removing lv_textarea.o(i.lv_textarea_event), (256 bytes).
    Removing lv_textarea.o(i.lv_textarea_get_accepted_chars), (12 bytes).
    Removing lv_textarea.o(i.lv_textarea_get_cursor_click_pos), (18 bytes).
    Removing lv_textarea.o(i.lv_textarea_get_cursor_pos), (12 bytes).
    Removing lv_textarea.o(i.lv_textarea_get_label), (12 bytes).
    Removing lv_textarea.o(i.lv_textarea_get_max_length), (12 bytes).
    Removing lv_textarea.o(i.lv_textarea_get_one_line), (18 bytes).
    Removing lv_textarea.o(i.lv_textarea_get_password_mode), (18 bytes).
    Removing lv_textarea.o(i.lv_textarea_get_password_show_time), (12 bytes).
    Removing lv_textarea.o(i.lv_textarea_get_placeholder_text), (24 bytes).
    Removing lv_textarea.o(i.lv_textarea_get_text), (36 bytes).
    Removing lv_textarea.o(i.lv_textarea_get_text_selection), (18 bytes).
    Removing lv_textarea.o(i.lv_textarea_set_accepted_chars), (10 bytes).
    Removing lv_textarea.o(i.lv_textarea_set_align), (98 bytes).
    Removing lv_textarea.o(i.lv_textarea_set_cursor_click_pos), (22 bytes).
    Removing lv_textarea.o(i.lv_textarea_set_cursor_pos), (268 bytes).
    Removing lv_textarea.o(i.lv_textarea_set_insert_replace), (16 bytes).
    Removing lv_textarea.o(i.lv_textarea_set_max_length), (10 bytes).
    Removing lv_textarea.o(i.lv_textarea_set_one_line), (164 bytes).
    Removing lv_textarea.o(i.lv_textarea_set_password_mode), (146 bytes).
    Removing lv_textarea.o(i.lv_textarea_set_password_show_time), (10 bytes).
    Removing lv_textarea.o(i.lv_textarea_set_placeholder_text), (124 bytes).
    Removing lv_textarea.o(i.lv_textarea_set_text), (356 bytes).
    Removing lv_textarea.o(i.lv_textarea_set_text_selection), (34 bytes).
    Removing lv_textarea.o(i.lv_textarea_text_is_selected), (46 bytes).
    Removing lv_textarea.o(i.pwd_char_hider), (184 bytes).
    Removing lv_textarea.o(i.pwd_char_hider_anim), (2 bytes).
    Removing lv_textarea.o(i.pwd_char_hider_anim_ready), (14 bytes).
    Removing lv_textarea.o(i.refr_cursor_area), (644 bytes).
    Removing lv_textarea.o(i.start_cursor_blink), (136 bytes).
    Removing lv_textarea.o(i.update_cursor_position_on_click), (496 bytes).
    Removing lv_textarea.o(.constdata), (28 bytes).
    Removing lv_textarea.o(.data), (4 bytes).
    Removing .o(HEAP), (512 bytes).
    Removing dadd.o(.text), (334 bytes).
    Removing dmul.o(.text), (228 bytes).
    Removing ddiv.o(.text), (222 bytes).
    Removing dfixul.o(.text), (48 bytes).
    Removing cdrcmple.o(.text), (48 bytes).
    Removing depilogue.o(.text), (186 bytes).

2645 unused section(s) (total 374029 bytes) removed from the image.

==============================================================================

Memory Map of the image

  Image Entry point : 0x00000000

  Load Region LR_IROM1 (Base: 0x08000000, Size: 0x0000ae04, Max: 0x00010000, ABSOLUTE)

    Execution Region ER_IROM1 (Base: 0x08000000, Size: 0x0000ad34, Max: 0x00010000, ABSOLUTE)

    Base Addr    Size         Type   Attr      Idx    E Section Name        Object

    0x08000000   0x00000188   Data   RO        30804    RESET               .o
    0x08000188   0x00000000   Code   RO        30809  * .ARM.Collect$$$$00000000  mc_w.l(entry.o)
    0x08000188   0x00000004   Code   RO        31129    .ARM.Collect$$$$00000001  mc_w.l(entry2.o)
    0x0800018c   0x00000004   Code   RO        31132    .ARM.Collect$$$$00000004  mc_w.l(entry5.o)
    0x08000190   0x00000000   Code   RO        31134    .ARM.Collect$$$$00000008  mc_w.l(entry7b.o)
    0x08000190   0x00000000   Code   RO        31136    .ARM.Collect$$$$0000000A  mc_w.l(entry8b.o)
    0x08000190   0x00000008   Code   RO        31137    .ARM.Collect$$$$0000000B  mc_w.l(entry9a.o)
    0x08000198   0x00000000   Code   RO        31139    .ARM.Collect$$$$0000000D  mc_w.l(entry10a.o)
    0x08000198   0x00000000   Code   RO        31141    .ARM.Collect$$$$0000000F  mc_w.l(entry11a.o)
    0x08000198   0x00000004   Code   RO        31130    .ARM.Collect$$$$00002712  mc_w.l(entry2.o)
    0x0800019c   0x000000be   Code   RO         4000    .emb_text           port.o
    0x0800025a   0x00000002   PAD
    0x0800025c   0x00000024   Code   RO        30805    .text               .o
    0x08000280   0x00000062   Code   RO        30812    .text               mc_w.l(uldiv.o)
    0x080002e2   0x00000040   Code   RO        30816    .text               mc_w.l(memmovea.o)
    0x08000322   0x00000024   Code   RO        30820    .text               mc_w.l(memseta.o)
    0x08000346   0x0000002c   Code   RO        31146    .text               mc_w.l(uidiv.o)
    0x08000372   0x0000001e   Code   RO        31148    .text               mc_w.l(llshl.o)
    0x08000390   0x00000020   Code   RO        31150    .text               mc_w.l(llushr.o)
    0x080003b0   0x00000024   Code   RO        31165    .text               mc_w.l(init.o)
    0x080003d4   0x00000004   Code   RO          694    i.BusFault_Handler  stm32f4xx_it.o
    0x080003d8   0x00000002   Code   RO          695    i.DebugMon_Handler  stm32f4xx_it.o
    0x080003da   0x00000012   Code   RO          128    i.Delay             bsp_nt35510_lcd.o
    0x080003ec   0x00000012   Code   RO          567    i.Delay             main.o
    0x080003fe   0x00000006   Code   RO          568    i.Error_Handler     main.o
    0x08000404   0x00000048   Code   RO         3097    i.FSMC_NORSRAM_Extended_Timing_Init  stm32f4xx_ll_fsmc.o
    0x0800044c   0x0000005c   Code   RO         3098    i.FSMC_NORSRAM_Init  stm32f4xx_ll_fsmc.o
    0x080004a8   0x00000044   Code   RO         3099    i.FSMC_NORSRAM_Timing_Init  stm32f4xx_ll_fsmc.o
    0x080004ec   0x000000d0   Code   RO          488    i.HAL_FSMC_MspInit  fsmc.o
    0x080005bc   0x000001f0   Code   RO         1584    i.HAL_GPIO_Init     stm32f4xx_hal_gpio.o
    0x080007ac   0x00000014   Code   RO         1587    i.HAL_GPIO_TogglePin  stm32f4xx_hal_gpio.o
    0x080007c0   0x0000000c   Code   RO         1588    i.HAL_GPIO_WritePin  stm32f4xx_hal_gpio.o
    0x080007cc   0x0000000c   Code   RO          808    i.HAL_GetTick       stm32f4xx_hal.o
    0x080007d8   0x00000018   Code   RO          814    i.HAL_IncTick       stm32f4xx_hal.o
    0x080007f0   0x0000003c   Code   RO          815    i.HAL_Init          stm32f4xx_hal.o
    0x0800082c   0x0000008c   Code   RO          655    i.HAL_InitTick      stm32f4xx_hal_timebase_tim.o
    0x080008b8   0x00000054   Code   RO          631    i.HAL_MspInit       stm32f4xx_hal_msp.o
    0x0800090c   0x00000074   Code   RO         1652    i.HAL_NOR_Init      stm32f4xx_hal_nor.o
    0x08000980   0x0000000a   Code   RO          490    i.HAL_NOR_MspInit   fsmc.o
    0x0800098a   0x00000020   Code   RO          986    i.HAL_NVIC_EnableIRQ  stm32f4xx_hal_cortex.o
    0x080009aa   0x0000007c   Code   RO          992    i.HAL_NVIC_SetPriority  stm32f4xx_hal_cortex.o
    0x08000a26   0x00000002   PAD
    0x08000a28   0x00000028   Code   RO          993    i.HAL_NVIC_SetPriorityGrouping  stm32f4xx_hal_cortex.o
    0x08000a50   0x00000184   Code   RO         1950    i.HAL_RCC_ClockConfig  stm32f4xx_hal_rcc.o
    0x08000bd4   0x00000044   Code   RO         1954    i.HAL_RCC_GetClockConfig  stm32f4xx_hal_rcc.o
    0x08000c18   0x0000000c   Code   RO         1955    i.HAL_RCC_GetHCLKFreq  stm32f4xx_hal_rcc.o
    0x08000c24   0x00000020   Code   RO         1957    i.HAL_RCC_GetPCLK1Freq  stm32f4xx_hal_rcc.o
    0x08000c44   0x000000b0   Code   RO         1959    i.HAL_RCC_GetSysClockFreq  stm32f4xx_hal_rcc.o
    0x08000cf4   0x0000049c   Code   RO         1962    i.HAL_RCC_OscConfig  stm32f4xx_hal_rcc.o
    0x08001190   0x00000002   Code   RO         2822    i.HAL_TIMEx_BreakCallback  stm32f4xx_hal_tim_ex.o
    0x08001192   0x00000002   Code   RO         2823    i.HAL_TIMEx_CommutCallback  stm32f4xx_hal_tim_ex.o
    0x08001194   0x00000066   Code   RO         2107    i.HAL_TIM_Base_Init  stm32f4xx_hal_tim.o
    0x080011fa   0x00000002   Code   RO         2109    i.HAL_TIM_Base_MspInit  stm32f4xx_hal_tim.o
    0x080011fc   0x000000a8   Code   RO         2112    i.HAL_TIM_Base_Start_IT  stm32f4xx_hal_tim.o
    0x080012a4   0x00000002   Code   RO         2141    i.HAL_TIM_IC_CaptureCallback  stm32f4xx_hal_tim.o
    0x080012a6   0x00000196   Code   RO         2155    i.HAL_TIM_IRQHandler  stm32f4xx_hal_tim.o
    0x0800143c   0x00000002   Code   RO         2158    i.HAL_TIM_OC_DelayElapsedCallback  stm32f4xx_hal_tim.o
    0x0800143e   0x00000002   Code   RO         2185    i.HAL_TIM_PWM_PulseFinishedCallback  stm32f4xx_hal_tim.o
    0x08001440   0x00000018   Code   RO          569    i.HAL_TIM_PeriodElapsedCallback  main.o
    0x08001458   0x00000002   Code   RO         2198    i.HAL_TIM_TriggerCallback  stm32f4xx_hal_tim.o
    0x0800145a   0x00000004   Code   RO          696    i.HardFault_Handler  stm32f4xx_it.o
    0x0800145e   0x00000002   PAD
    0x08001460   0x0000000c   Code   RO          130    i.LCD_GetFont       bsp_nt35510_lcd.o
    0x0800146c   0x00000014   Code   RO          132    i.LCD_SetColors     bsp_nt35510_lcd.o
    0x08001480   0x0000000c   Code   RO          133    i.LCD_SetFont       bsp_nt35510_lcd.o
    0x0800148c   0x0000000c   Code   RO          134    i.LCD_SetTextColor  bsp_nt35510_lcd.o
    0x08001498   0x00000324   Code   RO          570    i.LCD_Test          main.o
    0x080017bc   0x00000018   Code   RO          408    i.LED_Task01_Entry  freertos.o
    0x080017d4   0x00000018   Code   RO          409    i.LED_Task02_Entry  freertos.o
    0x080017ec   0x00000038   Code   RO          410    i.MX_FREERTOS_Init  freertos.o
    0x08001824   0x000000a4   Code   RO          491    i.MX_FSMC_Init      fsmc.o
    0x080018c8   0x00000128   Code   RO          540    i.MX_GPIO_Init      gpio.o
    0x080019f0   0x00000004   Code   RO          697    i.MemManage_Handler  stm32f4xx_it.o
    0x080019f4   0x00000004   Code   RO          698    i.NMI_Handler       stm32f4xx_it.o
    0x080019f8   0x00000024   Code   RO          135    i.NT35510_BackLed_Control  bsp_nt35510_lcd.o
    0x08001a1c   0x0000002c   Code   RO          136    i.NT35510_Clear     bsp_nt35510_lcd.o
    0x08001a48   0x00000020   Code   RO          137    i.NT35510_ClearLine  bsp_nt35510_lcd.o
    0x08001a68   0x00000012   Code   RO          138    i.NT35510_Delay     bsp_nt35510_lcd.o
    0x08001a7a   0x00000002   PAD
    0x08001a7c   0x00000098   Code   RO          140    i.NT35510_DispChar_EN  bsp_nt35510_lcd.o
    0x08001b14   0x00000068   Code   RO          141    i.NT35510_DispStringLine_EN  bsp_nt35510_lcd.o
    0x08001b7c   0x00000138   Code   RO          151    i.NT35510_DrawCircle  bsp_nt35510_lcd.o
    0x08001cb4   0x000000a0   Code   RO          152    i.NT35510_DrawLine  bsp_nt35510_lcd.o
    0x08001d54   0x00000088   Code   RO          153    i.NT35510_DrawRectangle  bsp_nt35510_lcd.o
    0x08001ddc   0x00000022   Code   RO          155    i.NT35510_FillColor  bsp_nt35510_lcd.o
    0x08001dfe   0x00000002   PAD
    0x08001e00   0x000000f4   Code   RO          158    i.NT35510_GramScan  bsp_nt35510_lcd.o
    0x08001ef4   0x00000038   Code   RO          159    i.NT35510_Init      bsp_nt35510_lcd.o
    0x08001f2c   0x0000008c   Code   RO          160    i.NT35510_OpenWindow  bsp_nt35510_lcd.o
    0x08001fb8   0x000015c4   Code   RO          161    i.NT35510_REG_Config  bsp_nt35510_lcd.o
    0x0800357c   0x00000030   Code   RO          164    i.NT35510_Rst       bsp_nt35510_lcd.o
    0x080035ac   0x00000014   Code   RO          165    i.NT35510_SetCursor  bsp_nt35510_lcd.o
    0x080035c0   0x00000038   Code   RO          166    i.NT35510_SetPointPixel  bsp_nt35510_lcd.o
    0x080035f8   0x00000008   Code   RO          167    i.NT35510_Write_Cmd  bsp_nt35510_lcd.o
    0x08003600   0x00000008   Code   RO          168    i.NT35510_Write_Data  bsp_nt35510_lcd.o
    0x08003608   0x00000016   Code   RO         3221    i.SysTick_Handler   cmsis_os2.o
    0x0800361e   0x00000002   PAD
    0x08003620   0x000000b8   Code   RO          571    i.SystemClock_Config  main.o
    0x080036d8   0x00000014   Code   RO          759    i.SystemInit        system_stm32f4xx.o
    0x080036ec   0x00000010   Code   RO          699    i.TIM7_IRQHandler   stm32f4xx_it.o
    0x080036fc   0x000000d8   Code   RO         2200    i.TIM_Base_SetConfig  stm32f4xx_hal_tim.o
    0x080037d4   0x00000004   Code   RO          700    i.UsageFault_Handler  stm32f4xx_it.o
    0x080037d8   0x00000028   Code   RO        30885    i.__0sprintf$1      mc_w.l(printf1.o)
    0x08003800   0x00000010   Code   RO          999    i.__NVIC_GetPriorityGrouping  stm32f4xx_hal_cortex.o
    0x08003810   0x00000028   Code   RO         1000    i.__NVIC_SetPriority  stm32f4xx_hal_cortex.o
    0x08003838   0x00000006   Code   RO         3223    i.__get_IPSR        cmsis_os2.o
    0x0800383e   0x00000002   PAD
    0x08003840   0x00000154   Code   RO        30890    i._printf_core      mc_w.l(printf1.o)
    0x08003994   0x0000000a   Code   RO        30892    i._sputc            mc_w.l(printf1.o)
    0x0800399e   0x00000028   Code   RO          572    i.main              main.o
    0x080039c6   0x0000001e   Code   RO         3224    i.osDelay           cmsis_os2.o
    0x080039e4   0x0000002c   Code   RO         3238    i.osKernelInitialize  cmsis_os2.o
    0x08003a10   0x00000060   Code   RO         3241    i.osKernelStart     cmsis_os2.o
    0x08003a70   0x000000b8   Code   RO         3283    i.osThreadNew       cmsis_os2.o
    0x08003b28   0x0000007c   Code   RO         4482    i.prvAddCurrentTaskToDelayedList  tasks.o
    0x08003ba4   0x000000b8   Code   RO         4483    i.prvAddNewTaskToReadyList  tasks.o
    0x08003c5c   0x00000074   Code   RO         4858    i.prvCheckForValidListAndQueue  timers.o
    0x08003cd0   0x00000048   Code   RO         4484    i.prvCheckTasksWaitingTermination  tasks.o
    0x08003d18   0x0000002a   Code   RO         4078    i.prvCopyDataFromQueue  queue.o
    0x08003d42   0x0000007e   Code   RO         4079    i.prvCopyDataToQueue  queue.o
    0x08003dc0   0x00000050   Code   RO         4485    i.prvDeleteTCB      tasks.o
    0x08003e10   0x00000028   Code   RO         4859    i.prvGetNextExpireTime  timers.o
    0x08003e38   0x0000007c   Code   RO         3933    i.prvHeapInit       heap_4.o
    0x08003eb4   0x00000028   Code   RO         4486    i.prvIdleTask       tasks.o
    0x08003edc   0x0000002a   Code   RO         4082    i.prvInitialiseNewQueue  queue.o
    0x08003f06   0x000000be   Code   RO         4487    i.prvInitialiseNewTask  tasks.o
    0x08003fc4   0x00000068   Code   RO         4488    i.prvInitialiseTaskLists  tasks.o
    0x0800402c   0x00000068   Code   RO         3934    i.prvInsertBlockIntoFreeList  heap_4.o
    0x08004094   0x00000058   Code   RO         4861    i.prvInsertTimerInActiveList  timers.o
    0x080040ec   0x0000001a   Code   RO         4083    i.prvIsQueueEmpty   queue.o
    0x08004106   0x0000001e   Code   RO         4084    i.prvIsQueueFull    queue.o
    0x08004124   0x00000074   Code   RO         4862    i.prvProcessExpiredTimer  timers.o
    0x08004198   0x00000164   Code   RO         4863    i.prvProcessReceivedCommands  timers.o
    0x080042fc   0x00000074   Code   RO         4864    i.prvProcessTimerOrBlockTask  timers.o
    0x08004370   0x00000034   Code   RO         4490    i.prvResetNextTaskUnblockTime  tasks.o
    0x080043a4   0x0000002c   Code   RO         4865    i.prvSampleTimeNow  timers.o
    0x080043d0   0x000000a4   Code   RO         4866    i.prvSwitchTimerLists  timers.o
    0x08004474   0x00000040   Code   RO         4001    i.prvTaskExitError  port.o
    0x080044b4   0x0000001a   Code   RO         4867    i.prvTimerTask      timers.o
    0x080044ce   0x0000007e   Code   RO         4085    i.prvUnlockQueue    queue.o
    0x0800454c   0x0000014c   Code   RO         3935    i.pvPortMalloc      heap_4.o
    0x08004698   0x0000002c   Code   RO         4002    i.pxPortInitialiseStack  port.o
    0x080046c4   0x00000028   Code   RO         3894    i.uxListRemove      list.o
    0x080046ec   0x00000018   Code   RO         3295    i.vApplicationGetIdleTaskMemory  cmsis_os2.o
    0x08004704   0x00000018   Code   RO         3296    i.vApplicationGetTimerTaskMemory  cmsis_os2.o
    0x0800471c   0x0000001a   Code   RO         3895    i.vListInitialise   list.o
    0x08004736   0x00000006   Code   RO         3896    i.vListInitialiseItem  list.o
    0x0800473c   0x00000034   Code   RO         3897    i.vListInsert       list.o
    0x08004770   0x00000018   Code   RO         3898    i.vListInsertEnd    list.o
    0x08004788   0x00000054   Code   RO         4004    i.vPortEnterCritical  port.o
    0x080047dc   0x0000003c   Code   RO         4005    i.vPortExitCritical  port.o
    0x08004818   0x000000a4   Code   RO         3936    i.vPortFree         heap_4.o
    0x080048bc   0x00000028   Code   RO         4006    i.vPortSetupTimerInterrupt  port.o
    0x080048e4   0x00000078   Code   RO         4007    i.vPortValidateInterruptPriority  port.o
    0x0800495c   0x0000002c   Code   RO         4091    i.vQueueAddToRegistry  queue.o
    0x08004988   0x0000004a   Code   RO         4095    i.vQueueWaitForMessageRestricted  queue.o
    0x080049d2   0x00000002   PAD
    0x080049d4   0x0000005c   Code   RO         4503    i.vTaskDelay        tasks.o
    0x08004a30   0x00000018   Code   RO         4508    i.vTaskInternalSetTimeOutState  tasks.o
    0x08004a48   0x0000000c   Code   RO         4509    i.vTaskMissedYield  tasks.o
    0x08004a54   0x00000038   Code   RO         4511    i.vTaskPlaceOnEventList  tasks.o
    0x08004a8c   0x00000040   Code   RO         4512    i.vTaskPlaceOnEventListRestricted  tasks.o
    0x08004acc   0x000000b8   Code   RO         4520    i.vTaskStartScheduler  tasks.o
    0x08004b84   0x00000010   Code   RO         4522    i.vTaskSuspendAll   tasks.o
    0x08004b94   0x00000090   Code   RO         4523    i.vTaskSwitchContext  tasks.o
    0x08004c24   0x00000168   Code   RO         4008    i.xPortStartScheduler  port.o
    0x08004d8c   0x00000034   Code   RO         4009    i.xPortSysTickHandler  port.o
    0x08004dc0   0x000000e0   Code   RO         4101    i.xQueueGenericCreateStatic  queue.o
    0x08004ea0   0x00000098   Code   RO         4102    i.xQueueGenericReset  queue.o
    0x08004f38   0x000001a8   Code   RO         4103    i.xQueueGenericSend  queue.o
    0x080050e0   0x000000fc   Code   RO         4104    i.xQueueGenericSendFromISR  queue.o
    0x080051dc   0x00000168   Code   RO         4113    i.xQueueReceive     queue.o
    0x08005344   0x0000008c   Code   RO         4525    i.xTaskCheckForTimeOut  tasks.o
    0x080053d0   0x00000064   Code   RO         4526    i.xTaskCreate       tasks.o
    0x08005434   0x000000ba   Code   RO         4527    i.xTaskCreateStatic  tasks.o
    0x080054ee   0x00000002   PAD
    0x080054f0   0x00000020   Code   RO         4531    i.xTaskGetSchedulerState  tasks.o
    0x08005510   0x0000000c   Code   RO         4532    i.xTaskGetTickCount  tasks.o
    0x0800551c   0x00000144   Code   RO         4534    i.xTaskIncrementTick  tasks.o
    0x08005660   0x000000a4   Code   RO         4537    i.xTaskPriorityDisinherit  tasks.o
    0x08005704   0x00000098   Code   RO         4539    i.xTaskRemoveFromEventList  tasks.o
    0x0800579c   0x00000104   Code   RO         4540    i.xTaskResumeAll    tasks.o
    0x080058a0   0x00000078   Code   RO         4876    i.xTimerCreateTimerTask  timers.o
    0x08005918   0x00000084   Code   RO         4877    i.xTimerGenericCommand  timers.o
    0x0800599c   0x00005320   Data   RO            4    .constdata          fonts.o
    0x0800acbc   0x00000048   Data   RO          411    .constdata          freertos.o
    0x0800ad04   0x00000018   Data   RO          760    .constdata          system_stm32f4xx.o
    0x0800ad1c   0x00000017   Data   RO          412    .conststring        freertos.o
    0x0800ad33   0x00000001   PAD
    0x0800ad34   0x00000000   Data   RO        31173    Region$$Table       anon$$obj.o


    Execution Region RW_IRAM1 (Base: 0x20000000, Size: 0x00004e38, Max: 0x00005000, ABSOLUTE)

    Base Addr    Size         Type   Attr      Idx    E Section Name        Object

    0x20000000   0x00000018   Data   RW            5    .data               fonts.o
    0x20000018   0x00000010   Data   RW          171    .data               bsp_nt35510_lcd.o
    0x20000028   0x00000008   Data   RW          413    .data               freertos.o
    0x20000030   0x00000008   Data   RW          493    .data               fsmc.o
    0x20000038   0x00000001   Data   RW          573    .data               main.o
    0x20000039   0x00000003   PAD
    0x2000003c   0x00000004   Data   RW          761    .data               system_stm32f4xx.o
    0x20000040   0x00000009   Data   RW          822    .data               stm32f4xx_hal.o
    0x20000049   0x00000003   PAD
    0x2000004c   0x00000004   Data   RW         1665    .data               stm32f4xx_hal_nor.o
    0x20000050   0x00000004   Data   RW         3298    .data               cmsis_os2.o
    0x20000054   0x00000020   Data   RW         3942    .data               heap_4.o
    0x20000074   0x0000000c   Data   RW         4010    .data               port.o
    0x20000080   0x0000003c   Data   RW         4543    .data               tasks.o
    0x200000bc   0x00000014   Data   RW         4885    .data               timers.o
    0x200000d0   0x0000004c   Zero   RW          492    .bss                fsmc.o
    0x2000011c   0x00000048   Zero   RW          658    .bss                stm32f4xx_hal_timebase_tim.o
    0x20000164   0x000006b8   Zero   RW         3297    .bss                cmsis_os2.o
    0x2000081c   0x00003c00   Zero   RW         3941    .bss                heap_4.o
    0x2000441c   0x00000040   Zero   RW         4117    .bss                queue.o
    0x2000445c   0x000004c4   Zero   RW         4542    .bss                tasks.o
    0x20004920   0x00000118   Zero   RW         4884    .bss                timers.o
    0x20004a38   0x00000400   Zero   RW        30802    STACK               .o

