<html>
<body>
<pre>
<h1>�Vision Build Log</h1>
<h2>Tool Versions:</h2>
IDE-Version: ��Vision V5.28.0.0
Copyright (C) 2019 ARM Ltd and ARM Germany GmbH. All rights reserved.
License Information: 1 Horny_Dragon, 1, LIC=RC9VE-51KEI-BR3XT-R3TKF-MA3N1-UXDPK
 
Tool Versions:
Toolchain:       MDK-ARM Plus  Version: 5.28.0.0
Toolchain Path:  D:\keil5\ARM\ARMCC\Bin
C Compiler:      Armcc.exe V5.06 update 6 (build 750)
Assembler:       Armasm.exe V5.06 update 6 (build 750)
Linker/Locator:  ArmLink.exe V5.06 update 6 (build 750)
Library Manager: ArmAr.exe V5.06 update 6 (build 750)
Hex Converter:   FromElf.exe V5.06 update 6 (build 750)
CPU DLL:         SARMCM3.DLL V5.28.0.0
Dialog DLL:      DCM.DLL V1.17.3.0
Target DLL:      CMSIS_AGDI.dll V1.31.18.0
Dialog DLL:      TCM.DLL V1.36.2.0
 
<h2>Project:</h2>
F:\code\stm32\Smart_Watch\MDK-ARM\Smart_Watch.uvprojx
Project File Date:  04/17/2022

<h2>Output:</h2>
*** Using Compiler 'V5.06 update 6 (build 750)', folder: 'D:\keil5\ARM\ARMCC\Bin'
Rebuild target 'Smart_Watch'
assembling startup_stm32f407xx.s...
compiling font_xingkai_24.c...
compiling lvgl_ui.c...
../Core/Inc/lvgl_ui.h(10): warning:  #1295-D: Deprecated declaration pedometer_cnt_fresh - give arg types
  void pedometer_cnt_fresh();
..\Core\Src\lvgl_ui.c(21): warning:  #870-D: invalid multibyte character sequence
  	lv_label_set_text_fmt(label1, "#ffffff 当前步数�?# #ff00ff �?# #ff0000 %d#",0);
..\Core\Src\lvgl_ui.c(21): warning:  #870-D: invalid multibyte character sequence
  	lv_label_set_text_fmt(label1, "#ffffff 当前步数�?# #ff00ff �?# #ff0000 %d#",0);
..\Core\Src\lvgl_ui.c(41): warning:  #870-D: invalid multibyte character sequence
  	lv_label_set_text_fmt(oxygen_rate,"当前血氧为�?%d",0);
..\Core\Src\lvgl_ui.c(50): warning:  #870-D: invalid multibyte character sequence
  	lv_label_set_text_fmt(label1, "#ffffff 当前步数�?# #ff00ff �?# #ff0000 %d#",(int)cnt);
..\Core\Src\lvgl_ui.c(50): warning:  #870-D: invalid multibyte character sequence
  	lv_label_set_text_fmt(label1, "#ffffff 当前步数�?# #ff00ff �?# #ff0000 %d#",(int)cnt);
..\Core\Src\lvgl_ui.c(58): warning:  #870-D: invalid multibyte character sequence
  	lv_label_set_text_fmt(oxygen_rate,"当前血氧为�? %d",x);
..\Core\Src\lvgl_ui.c(59): warning:  #1-D: last line of file ends without a newline
  }
..\Core\Src\lvgl_ui.c: 8 warnings, 0 errors
compiling img_bg.c...
compiling adc.c...
compiling gpio.c...
compiling lvgl_port.c...
compiling freertos.c...
../Core/Inc/lvgl_ui.h(10): warning:  #1295-D: Deprecated declaration pedometer_cnt_fresh - give arg types
  void pedometer_cnt_fresh();
..\BSP\sensor\heart_beat_oxygen.h(17): warning:  #1295-D: Deprecated declaration start_data_cap - give arg types
  void start_data_cap();
..\BSP\sensor\heart_beat_oxygen.h(18): warning:  #1295-D: Deprecated declaration stop_data_cap - give arg types
  void  stop_data_cap();
..\BSP\sensor\heart_beat_oxygen.h(19): warning:  #1295-D: Deprecated declaration heart_beat_test - give arg types
  int heart_beat_test();
../Core/Src/freertos.c(63): warning:  #177-D: variable "cnt"  was declared but never referenced
  static unsigned long cnt = 0;
../Core/Src/freertos.c: 5 warnings, 0 errors
compiling main.c...
../Core/Inc/lvgl_ui.h(10): warning:  #1295-D: Deprecated declaration pedometer_cnt_fresh - give arg types
  void pedometer_cnt_fresh();
..\BSP\sensor\heart_beat_oxygen.h(17): warning:  #1295-D: Deprecated declaration start_data_cap - give arg types
  void start_data_cap();
..\BSP\sensor\heart_beat_oxygen.h(18): warning:  #1295-D: Deprecated declaration stop_data_cap - give arg types
  void  stop_data_cap();
..\BSP\sensor\heart_beat_oxygen.h(19): warning:  #1295-D: Deprecated declaration heart_beat_test - give arg types
  int heart_beat_test();
../Core/Src/main.c: 4 warnings, 0 errors
compiling fsmc.c...
compiling dma.c...
compiling i2c.c...
compiling usart.c...
compiling stm32f4xx_it.c...
compiling stm32f4xx_ll_adc.c...
compiling stm32f4xx_hal_msp.c...
compiling stm32f4xx_hal_timebase_tim.c...
compiling stm32f4xx_hal_adc_ex.c...
compiling stm32f4xx_hal_adc.c...
compiling stm32f4xx_hal_rcc.c...
compiling stm32f4xx_hal_rcc_ex.c...
compiling stm32f4xx_hal_flash.c...
compiling stm32f4xx_hal_gpio.c...
compiling stm32f4xx_hal_flash_ramfunc.c...
compiling stm32f4xx_hal_flash_ex.c...
compiling stm32f4xx_hal_dma.c...
compiling stm32f4xx_hal_dma_ex.c...
compiling stm32f4xx_hal_cortex.c...
compiling stm32f4xx_hal_pwr_ex.c...
compiling stm32f4xx_hal_pwr.c...
compiling stm32f4xx_hal_exti.c...
compiling stm32f4xx_hal.c...
compiling stm32f4xx_hal_sram.c...
compiling stm32f4xx_hal_nor.c...
compiling stm32f4xx_ll_fsmc.c...
compiling stm32f4xx_hal_i2c_ex.c...
compiling stm32f4xx_hal_i2c.c...
compiling croutine.c...
compiling event_groups.c...
compiling list.c...
compiling queue.c...
compiling stream_buffer.c...
compiling tasks.c...
compiling timers.c...
compiling stm32f4xx_hal_tim_ex.c...
compiling stm32f4xx_hal_uart.c...
compiling heap_4.c...
compiling port.c...
compiling stm32f4xx_hal_tim.c...
compiling system_stm32f4xx.c...
compiling cmsis_os2.c...
compiling bsp_sdram.c...
compiling bsp_nt35510_lcd.c...
..\BSP\lcd\bsp_nt35510_lcd.c(112): warning:  #177-D: function "NT35510_GPIO_Config"  was declared but never referenced
  static void NT35510_GPIO_Config ( void )
..\BSP\lcd\bsp_nt35510_lcd.c: 1 warning, 0 errors
compiling bsp_i2c_touch.c...
compiling lv_disp.c...
compiling lv_event.c...
compiling lv_group.c...
compiling lv_indev_scroll.c...
compiling lv_indev.c...
compiling lv_obj.c...
compiling lv_obj_class.c...
compiling lv_obj_draw.c...
compiling gt5xx.c...
..\BSP\touch\gt5xx.c(633): warning:  #550-D: variable "abs_x_max"  was set but never used
      uint16_t abs_x_max = GTP_MAX_WIDTH;
..\BSP\touch\gt5xx.c(634): warning:  #550-D: variable "abs_y_max"  was set but never used
      uint16_t abs_y_max = GTP_MAX_HEIGHT;
..\BSP\touch\gt5xx.c(635): warning:  #550-D: variable "int_trigger_type"  was set but never used
      uint8_t int_trigger_type = GTP_INT_TRIGGER;
..\BSP\touch\gt5xx.c: 3 warnings, 0 errors
compiling lv_obj_pos.c...
compiling lv_obj_scroll.c...
compiling lv_obj_style.c...
compiling lv_obj_style_gen.c...
compiling lv_obj_tree.c...
compiling lv_refr.c...
compiling lv_theme.c...
compiling lv_draw.c...
compiling lv_draw_arc.c...
compiling lv_draw_img.c...
compiling lv_draw_label.c...
compiling lv_draw_line.c...
compiling lv_draw_mask.c...
compiling lv_draw_triangle.c...
compiling lv_draw_rect.c...
compiling lv_img_buf.c...
compiling lv_img_cache.c...
compiling lv_font.c...
compiling lv_img_decoder.c...
compiling lv_font_fmt_txt.c...
..\lvgl\src\font\lv_font_fmt_txt.c(137): warning:  #111-D: statement is unreachable
      return NULL;
..\lvgl\src\font\lv_font_fmt_txt.c: 1 warning, 0 errors
compiling lv_font_dejavu_16_persian_hebrew.c...
compiling lv_font_loader.c...
compiling lv_font_montserrat_8.c...
compiling lv_font_montserrat_12.c...
compiling lv_font_montserrat_10.c...
compiling lv_font_montserrat_12_subpx.c...
compiling lv_font_montserrat_14.c...
compiling lv_font_montserrat_18.c...
compiling lv_font_montserrat_16.c...
compiling heart_beat_oxygen.c...
..\BSP\sensor\heart_beat_oxygen.h(17): warning:  #1295-D: Deprecated declaration start_data_cap - give arg types
  void start_data_cap();
..\BSP\sensor\heart_beat_oxygen.h(18): warning:  #1295-D: Deprecated declaration stop_data_cap - give arg types
  void  stop_data_cap();
..\BSP\sensor\heart_beat_oxygen.h(19): warning:  #1295-D: Deprecated declaration heart_beat_test - give arg types
  int heart_beat_test();
..\BSP\sensor\heart_beat_oxygen.c(28): warning:  #1-D: last line of file ends without a newline
  }
..\BSP\sensor\heart_beat_oxygen.c(17): warning:  #177-D: variable "data_pack"  was declared but never referenced
  	RT_PACK data_pack;
..\BSP\sensor\heart_beat_oxygen.c: 5 warnings, 0 errors
compiling lv_font_montserrat_22.c...
compiling lv_font_montserrat_26.c...
compiling lv_font_montserrat_20.c...
compiling lv_font_montserrat_24.c...
compiling lv_font_montserrat_28.c...
compiling lv_font_montserrat_28_compressed.c...
compiling lv_font_montserrat_32.c...
compiling lv_font_montserrat_30.c...
compiling lv_font_montserrat_34.c...
compiling lv_font_montserrat_36.c...
compiling lv_font_montserrat_38.c...
compiling lv_font_montserrat_40.c...
compiling lv_font_montserrat_44.c...
compiling lv_font_montserrat_42.c...
compiling lv_font_montserrat_46.c...
compiling lv_font_montserrat_48.c...
compiling lv_hal_disp.c...
..\lvgl\src\hal\lv_hal_disp.c(573): warning:  #188-D: enumerated type mixed with another type
      return disp->driver->rotated;
..\lvgl\src\hal\lv_hal_disp.c: 1 warning, 0 errors
compiling lv_font_unscii_16.c...
compiling lv_font_unscii_8.c...
compiling lv_font_simsun_16_cjk.c...
compiling lv_hal_tick.c...
compiling lv_anim_timeline.c...
compiling lv_anim.c...
compiling lv_hal_indev.c...
compiling lv_area.c...
compiling lv_bidi.c...
compiling lv_gc.c...
compiling lv_async.c...
compiling lv_fs.c...
compiling lv_color.c...
compiling lv_log.c...
compiling lv_ll.c...
compiling lv_lru.c...
..\lvgl\src\misc\lv_lru.c(304): warning:  #68-D: integer conversion resulted in a change of sign
      uint32_t i = 0, min_index = -1;
..\lvgl\src\misc\lv_lru.c(305): warning:  #68-D: integer conversion resulted in a change of sign
      uint64_t min_access_count = -1;
..\lvgl\src\misc\lv_lru.c: 2 warnings, 0 errors
compiling lv_math.c...
compiling lv_mem.c...
..\lvgl\src\misc\lv_mem.c(311): warning:  #111-D: statement is unreachable
      return NULL;
..\lvgl\src\misc\lv_mem.c: 1 warning, 0 errors
compiling lv_templ.c...
compiling lv_style.c...
..\lvgl\src\misc\lv_style.c(74): warning:  #188-D: enumerated type mixed with another type
      return act_id;
..\lvgl\src\misc\lv_style.c: 1 warning, 0 errors
compiling lv_printf.c...
compiling lv_style_gen.c...
compiling lv_timer.c...
compiling lv_utils.c...
compiling lv_txt.c...
compiling lv_txt_ap.c...
compiling lv_tlsf.c...
..\lvgl\src\misc\lv_tlsf.c(898): warning:  #68-D: integer conversion resulted in a change of sign
          offset_to_block(pool, -(int)block_header_overhead);
..\lvgl\src\misc\lv_tlsf.c(1000): warning:  #68-D: integer conversion resulted in a change of sign
      block = offset_to_block(mem, -(tlsfptr_t)block_header_overhead);
..\lvgl\src\misc\lv_tlsf.c(1018): warning:  #68-D: integer conversion resulted in a change of sign
      block_header_t * block = offset_to_block(pool, -(int)block_header_overhead);
..\lvgl\src\misc\lv_tlsf.c: 3 warnings, 0 errors
compiling lv_arc.c...
compiling lv_bar.c...
compiling lv_btn.c...
compiling lv_canvas.c...
compiling lv_btnmatrix.c...
compiling lv_checkbox.c...
compiling lv_img.c...
compiling lv_dropdown.c...
compiling lv_line.c...
compiling lv_objx_templ.c...
compiling lv_label.c...
compiling lv_roller.c...
compiling lv_switch.c...
compiling lv_slider.c...
compiling lv_table.c...
compiling lv_textarea.c...
compiling lv_extra.c...
compiling gifdec.c...
compiling lv_flex.c...
..\lvgl\src\extra\layouts\flex\lv_flex.c(97): warning:  #188-D: enumerated type mixed with another type
      LV_STYLE_FLEX_MAIN_PLACE = lv_style_register_prop() | LV_STYLE_PROP_LAYOUT_REFR;
..\lvgl\src\extra\layouts\flex\lv_flex.c(98): warning:  #188-D: enumerated type mixed with another type
      LV_STYLE_FLEX_CROSS_PLACE = lv_style_register_prop() | LV_STYLE_PROP_LAYOUT_REFR;
..\lvgl\src\extra\layouts\flex\lv_flex.c(99): warning:  #188-D: enumerated type mixed with another type
      LV_STYLE_FLEX_TRACK_PLACE = lv_style_register_prop() | LV_STYLE_PROP_LAYOUT_REFR;
..\lvgl\src\extra\layouts\flex\lv_flex.c: 3 warnings, 0 errors
compiling lv_grid.c...
..\lvgl\src\extra\layouts\grid\lv_grid.c(134): warning:  #188-D: enumerated type mixed with another type
      LV_STYLE_GRID_COLUMN_DSC_ARRAY = lv_style_register_prop() | LV_STYLE_PROP_LAYOUT_REFR;
..\lvgl\src\extra\layouts\grid\lv_grid.c(135): warning:  #188-D: enumerated type mixed with another type
      LV_STYLE_GRID_ROW_DSC_ARRAY = lv_style_register_prop() | LV_STYLE_PROP_LAYOUT_REFR;
..\lvgl\src\extra\layouts\grid\lv_grid.c(136): warning:  #188-D: enumerated type mixed with another type
      LV_STYLE_GRID_COLUMN_ALIGN = lv_style_register_prop() | LV_STYLE_PROP_LAYOUT_REFR;
..\lvgl\src\extra\layouts\grid\lv_grid.c(137): warning:  #188-D: enumerated type mixed with another type
      LV_STYLE_GRID_ROW_ALIGN = lv_style_register_prop() | LV_STYLE_PROP_LAYOUT_REFR;
..\lvgl\src\extra\layouts\grid\lv_grid.c(139): warning:  #188-D: enumerated type mixed with another type
      LV_STYLE_GRID_CELL_ROW_SPAN = lv_style_register_prop() | LV_STYLE_PROP_LAYOUT_REFR;
..\lvgl\src\extra\layouts\grid\lv_grid.c(140): warning:  #188-D: enumerated type mixed with another type
      LV_STYLE_GRID_CELL_ROW_POS = lv_style_register_prop() | LV_STYLE_PROP_LAYOUT_REFR;
..\lvgl\src\extra\layouts\grid\lv_grid.c(141): warning:  #188-D: enumerated type mixed with another type
      LV_STYLE_GRID_CELL_COLUMN_SPAN = lv_style_register_prop() | LV_STYLE_PROP_LAYOUT_REFR;
..\lvgl\src\extra\layouts\grid\lv_grid.c(142): warning:  #188-D: enumerated type mixed with another type
      LV_STYLE_GRID_CELL_COLUMN_POS = lv_style_register_prop() | LV_STYLE_PROP_LAYOUT_REFR;
..\lvgl\src\extra\layouts\grid\lv_grid.c(143): warning:  #188-D: enumerated type mixed with another type
      LV_STYLE_GRID_CELL_X_ALIGN = lv_style_register_prop() | LV_STYLE_PROP_LAYOUT_REFR;
..\lvgl\src\extra\layouts\grid\lv_grid.c(144): warning:  #188-D: enumerated type mixed with another type
      LV_STYLE_GRID_CELL_Y_ALIGN = lv_style_register_prop() | LV_STYLE_PROP_LAYOUT_REFR;
..\lvgl\src\extra\layouts\grid\lv_grid.c(589): warning:  #188-D: enumerated type mixed with another type
      lv_grid_align_t col_align = get_cell_col_align(item);
..\lvgl\src\extra\layouts\grid\lv_grid.c(590): warning:  #188-D: enumerated type mixed with another type
      lv_grid_align_t row_align = get_cell_row_align(item);
..\lvgl\src\extra\layouts\grid\lv_grid.c: 12 warnings, 0 errors
compiling lv_gif.c...
compiling lodepng.c...
compiling lv_png.c...
compiling lv_qrcode.c...
compiling qrcodegen.c...
..\lvgl\src\extra\libs\qrcode\qrcodegen.c(278): warning:  #188-D: enumerated type mixed with another type
  	applyMask(tempBuffer, qrcode, mask);
..\lvgl\src\extra\libs\qrcode\qrcodegen.c(279): warning:  #188-D: enumerated type mixed with another type
  	drawFormatBits(ecl, mask, qrcode);
..\lvgl\src\extra\libs\qrcode\qrcodegen.c(1035): warning:  #1-D: last line of file ends without a newline
  }
..\lvgl\src\extra\libs\qrcode\qrcodegen.c: 3 warnings, 0 errors
compiling lv_theme_basic.c...
compiling lv_animimg.c...
compiling lv_theme_mono.c...
compiling lv_calendar.c...
compiling lv_theme_default.c...
..\lvgl\src\extra\themes\default\lv_theme_default.c(213): warning:  #188-D: enumerated type mixed with another type
..\lvgl\src\extra\themes\default\lv_theme_default.c: 1 warning, 0 errors
compiling lv_calendar_header_arrow.c...
compiling lv_calendar_header_dropdown.c...
compiling lv_keyboard.c...
compiling lv_colorwheel.c...
compiling lv_imgbtn.c...
compiling lv_led.c...
compiling lv_chart.c...
compiling lv_list.c...
compiling lv_menu.c...
compiling lv_meter.c...
compiling lv_msgbox.c...
compiling lv_spinbox.c...
compiling lv_span.c...
..\lvgl\src\extra\widgets\span\lv_span.c(978): warning:  #546-D: transfer of control bypasses initialization of:
            variable "align"  (declared at line 982)
              goto Next_line_init;
              ^
..\lvgl\src\extra\widgets\span\lv_span.c: 1 warning, 0 errors
compiling lv_spinner.c...
compiling lv_tileview.c...
compiling lv_draw_sw.c...
compiling lv_tabview.c...
compiling lv_draw_sw_arc.c...
compiling lv_win.c...
compiling lv_draw_sw_blend.c...
compiling lv_draw_sw_letter.c...
compiling lv_draw_sw_img.c...
compiling lv_draw_sw_polygon.c...
compiling lv_draw_sw_line.c...
compiling lv_draw_sw_rect.c...
..\lvgl\src\draw\sw\lv_draw_sw_rect.c(193): warning:  #546-D: transfer of control bypasses initialization of:
            variable "mask_any_center"  (declared at line 236)
          goto bg_clean_up;
          ^
..\lvgl\src\draw\sw\lv_draw_sw_rect.c: 1 warning, 0 errors
compiling img_benchmark_cogwheel_alpha16.c...
compiling lv_demo_benchmark.c...
compiling img_benchmark_cogwheel_argb.c...
compiling img_benchmark_cogwheel_chroma_keyed.c...
compiling img_benchmark_cogwheel_indexed16.c...
compiling lv_font_bechmark_montserrat_12_compr_az.c.c...
compiling img_benchmark_cogwheel_rgb.c...
compiling lv_font_bechmark_montserrat_16_compr_az.c.c...
compiling lv_font_bechmark_montserrat_28_compr_az.c.c...
compiling lv_demo_music.c...
..\lvgl\demos\music\lv_demo_music.c(34): warning:  #550-D: variable "ctrl"  was set but never used
  static lv_obj_t * ctrl;
..\lvgl\demos\music\lv_demo_music.c(35): warning:  #550-D: variable "list"  was set but never used
  static lv_obj_t * list;
..\lvgl\demos\music\lv_demo_music.c: 2 warnings, 0 errors
compiling lv_demo_music_list.c...
compiling img_lv_demo_music_btn_corner_large.c...
compiling lv_demo_music_main.c...
compiling img_lv_demo_music_btn_list_pause.c...
compiling img_lv_demo_music_btn_list_pause_large.c...
compiling img_lv_demo_music_btn_list_play.c...
compiling img_lv_demo_music_btn_loop.c...
compiling img_lv_demo_music_btn_list_play_large.c...
compiling img_lv_demo_music_btn_loop_large.c...
compiling img_lv_demo_music_btn_next.c...
compiling img_lv_demo_music_btn_next_large.c...
compiling img_lv_demo_music_btn_pause.c...
compiling img_lv_demo_music_btn_play.c...
compiling img_lv_demo_music_btn_pause_large.c...
compiling img_lv_demo_music_btn_prev.c...
compiling img_lv_demo_music_btn_play_large.c...
compiling img_lv_demo_music_btn_prev_large.c...
compiling img_lv_demo_music_btn_rnd.c...
compiling img_lv_demo_music_btn_rnd_large.c...
compiling img_lv_demo_music_corner_left.c...
compiling img_lv_demo_music_corner_left_large.c...
compiling img_lv_demo_music_corner_right.c...
compiling img_lv_demo_music_corner_right_large.c...
compiling img_lv_demo_music_cover_1.c...
compiling img_lv_demo_music_cover_3.c...
compiling img_lv_demo_music_cover_2.c...
compiling img_lv_demo_music_icon_1.c...
compiling img_lv_demo_music_icon_1_large.c...
compiling img_lv_demo_music_icon_2.c...
compiling img_lv_demo_music_icon_2_large.c...
compiling img_lv_demo_music_icon_3_large.c...
compiling img_lv_demo_music_icon_3.c...
compiling img_lv_demo_music_cover_1_large.c...
compiling img_lv_demo_music_icon_4.c...
compiling img_lv_demo_music_icon_4_large.c...
compiling img_lv_demo_music_list_border.c...
compiling img_lv_demo_music_cover_3_large.c...
compiling img_lv_demo_music_list_border_large.c...
compiling img_lv_demo_music_cover_2_large.c...
compiling img_lv_demo_music_slider_knob.c...
compiling img_lv_demo_music_logo.c...
compiling img_lv_demo_music_slider_knob_large.c...
compiling img_lv_demo_music_wave_bottom.c...
compiling img_lv_demo_music_wave_bottom_large.c...
compiling img_lv_demo_music_wave_top.c...
compiling mem.c...
..\Drivers\MPU6050\mem.c(57): warning:  #1-D: last line of file ends without a newline
  }
..\Drivers\MPU6050\mem.c: 1 warning, 0 errors
compiling img_lv_demo_music_wave_top_large.c...
compiling eMPL_outputs.c...
..\Drivers\MPU6050\eMPL-hal\eMPL_outputs.h(44): warning:  #1-D: last line of file ends without a newline
   */
..\Drivers\MPU6050\eMPL-hal\eMPL_outputs.c(322): warning:  #1-D: last line of file ends without a newline
   */
..\Drivers\MPU6050\eMPL-hal\eMPL_outputs.c: 2 warnings, 0 errors
compiling data_builder.c...
..\Drivers\MPU6050\mllite\storage_manager.h(31): warning:  #1-D: last line of file ends without a newline
  				   
..\Drivers\MPU6050\mllite\data_builder.c(1266): warning:  #1-D: last line of file ends without a newline
   */
..\Drivers\MPU6050\mllite\data_builder.c: 2 warnings, 0 errors
compiling hal_outputs.c...
..\Drivers\MPU6050\mllite\hal_outputs.h(45): warning:  #1-D: last line of file ends without a newline
  #endif                          // INV_HAL_OUTPUTS_H__
..\Drivers\MPU6050\mllite\hal_outputs.c: 1 warning, 0 errors
compiling message_layer.c...
compiling ml_math_func.c...
..\Drivers\MPU6050\mllite\ml_math_func.c(570): warning:  #1035-D: single-precision operand implicitly converted to double-precision
      if (ang > M_PI)
..\Drivers\MPU6050\mllite\ml_math_func.c(590): warning:  #1035-D: single-precision operand implicitly converted to double-precision
      if (d > M_PI)
..\Drivers\MPU6050\mllite\ml_math_func.c(782): warning:  #1-D: last line of file ends without a newline
   */
..\Drivers\MPU6050\mllite\ml_math_func.c: 3 warnings, 0 errors
compiling mlmath.c...
..\Drivers\MPU6050\mllite\mlmath.c(68): warning:  #1-D: last line of file ends without a newline
  }
..\Drivers\MPU6050\mllite\mlmath.c: 1 warning, 0 errors
compiling mpl.c...
..\Drivers\MPU6050\mllite\storage_manager.h(31): warning:  #1-D: last line of file ends without a newline
  				   
..\Drivers\MPU6050\mllite\mpl.c(72): warning:  #1-D: last line of file ends without a newline
   */
..\Drivers\MPU6050\mllite\mpl.c: 2 warnings, 0 errors
compiling results_holder.c...
compiling start_manager.c...
..\Drivers\MPU6050\mllite\start_manager.c(59): warning:  #223-D: function "memmove" declared implicitly
                  memmove(&inv_start_cb.start_cb[kk],
..\Drivers\MPU6050\mllite\start_manager.c: 1 warning, 0 errors
compiling storage_manager.c...
..\Drivers\MPU6050\mllite\storage_manager.h(31): warning:  #1-D: last line of file ends without a newline
  				   
..\Drivers\MPU6050\mllite\storage_manager.c: 1 warning, 0 errors
compiling mpu_i2c.c...
compiling inv_mpu.c...
compiling log_stm32.c...
..\Drivers\MPU6050\driver\stm32L\log_stm32.c(79): warning:  #223-D: function "vsprintf" declared implicitly
      length = vsprintf(buf, fmt, args);
..\Drivers\MPU6050\driver\stm32L\log_stm32.c(97): warning:  #223-D: function "fputc" declared implicitly
            fputc(out[i]);
..\Drivers\MPU6050\driver\stm32L\log_stm32.c(136): warning:  #223-D: function "fputc" declared implicitly
        fputc(out[i]);
..\Drivers\MPU6050\driver\stm32L\log_stm32.c(209): warning:  #223-D: function "fputc" declared implicitly
        fputc(out[i]);
..\Drivers\MPU6050\driver\stm32L\log_stm32.c: 4 warnings, 0 errors
compiling inv_mpu_dmp_motion_driver.c...
linking...
Program Size: Code=239224 RO-data=797972 RW-data=1072 ZI-data=314096  
FromELF: creating hex file...
"Smart_Watch\Smart_Watch.axf" - 0 Error(s), 76 Warning(s).

<h2>Software Packages used:</h2>

Package Vendor: ARM
                http://www.keil.com/pack/ARM.CMSIS.5.8.0.pack
                ARM.CMSIS.5.8.0
                CMSIS (Common Microcontroller Software Interface Standard)
   * Component: CORE Version: 5.5.0

Package Vendor: Keil
                http://www.keil.com/pack/Keil.STM32F4xx_DFP.2.7.0.pack
                Keil.STM32F4xx_DFP.2.7.0
                STMicroelectronics STM32F4 Series Device Support, Drivers and Examples

<h2>Collection of Component include folders:</h2>
  .\RTE\_Smart_Watch
  D:\keil5\ARM\PACK\ARM\CMSIS\5.8.0\CMSIS\Core\Include
  D:\keil5\ARM\PACK\Keil\STM32F4xx_DFP\2.7.0\Drivers\CMSIS\Device\ST\STM32F4xx\Include

<h2>Collection of Component Files used:</h2>

   * Component: ARM::CMSIS:CORE:5.5.0
      Include file:  CMSIS\Core\Include\tz_context.h
Build Time Elapsed:  00:01:57
</pre>
</body>
</html>
